[14:01:12] ════════════════════════════════════════════════════════════
[14:01:12] 尾盘战法 25 轮参数穷举 (Grid Search)
[14:01:12] 搜索空间: 9 维, 共 1485 种有效组合
[14:01:12] 　['sample', 'top_n', 'hold_days', 'breadth_min', 'breadth_min_soft', 'sector_hot_topn', 'sector_inflow_topn', 'late_high_discount', 'require_vwap_strict']
[14:01:12] 各维取值: {'sample': 1, 'top_n': 5, 'hold_days': 3, 'breadth_min': 3, 'breadth_min_soft': 2, 'sector_hot_topn': 4, 'sector_inflow_topn': 3, 'late_high_discount': 3, 'require_vwap_strict': 1}
[14:01:12] 规则黑名单过滤后剩余: 1485 组
[14:01:12] 默认参数 (baseline): {'sample': 1000, 'top_n': 1, 'hold_days': 3, 'breadth_min': 0, 'breadth_min_soft': 0, 'sector_hot_topn': 0, 'sector_inflow_topn': 0, 'late_high_discount': 1.0, 'require_vwap_strict': False}
[14:01:12] [预热] 跳过 5min 数据 (monkey-patch)
[14:01:12] [预热] 获取股票列表…
[14:01:12] [预热] 预下载 500 只日线…
[14:01:12] 日线拉取 200/500, 命中 200 (0s)
[14:01:13] 日线拉取 400/500, 命中 400 (1s)
[14:01:25] 日线完成 494/500 (12.9s)
[14:01:25] [预热] 日线就绪 (494 只)
[14:01:25] [预热] 板块缓存预热…
[14:01:25] [预热] 补 159 只行业 (共 500 只)…
[14:01:25] [预热] 板块就绪 (159/159, 0 有行业, 0s)
[14:01:25] [BASELINE] 500_1_3…
[14:01:35] [BASELINE] 累计174.3% 胜率72.7% 盈亏比1.72 score=0.18 交易117笔 耗时10s
[14:02:27] ════════════════════════════════════════════════════════════════════════════════
[14:02:27] 尾盘战法 25 轮寻参 (从 1485 种有效组合中随机采样25组)
[14:02:27] 搜索空间: ['sample', 'top_n', 'hold_days', 'breadth_min', 'breadth_min_soft', 'sector_hot_topn', 'sector_inflow_topn', 'late_high_discount', 'require_vwap_strict']
[14:02:27] 各维取值: {'sample': 1, 'top_n': 5, 'hold_days': 3, 'breadth_min': 3, 'breadth_min_soft': 2, 'sector_hot_topn': 4, 'sector_inflow_topn': 3, 'late_high_discount': 3, 'require_vwap_strict': 1}
[14:02:27] 默认参数 (baseline): {'sample': 1000, 'top_n': 1, 'hold_days': 3, 'breadth_min': 0, 'breadth_min_soft': 0, 'sector_hot_topn': 0, 'sector_inflow_topn': 0, 'late_high_discount': 1.0, 'require_vwap_strict': False}
[14:02:27] [预热] 跳过 5min 数据, 获取股票列表…
[14:02:27] [预热] 预下载 500 只日线…
[14:02:28] 日线拉取 200/500, 命中 200 (0s)
[14:02:28] 日线拉取 400/500, 命中 400 (1s)
[14:02:37] 日线完成 500/500 (9.6s)
[14:02:37] [预热] 日线就绪 (500 只)
[14:02:37] [预热] 板块缓存…
[14:02:37] [预热] 补 159 只行业 (共 500 只)…
[14:02:37] [预热] 板块就绪 (159/159, 0 有行业, 0s)
[14:02:37] [BASELINE] 500_1_3…
[14:02:47] [BASELINE] 累计175.0% 胜率72.7% 盈亏比1.73 score=0.19 交易117笔 耗时10s
[14:02:47] ────────────────────────────────────────────────────────────────────────────────
[14:02:59] [ 1/25] tn=5 hd=2 h=1500 s=3000 inf=3 lhd=0.7                  cum=  532.1% (Δ++357.1%) | wr= 74.7% (Δ++2.0%) | PF=2.08 (Δ0.35) | DD=  9.5% | tr=300 | score=  1.69 (Δ++1.50) |   12s ⭐ BEST
[14:03:11] [ 2/25] tn=1 hd=3 h=1500 s=3000 top=3 inf=3                    cum=  136.7% (Δ++-38.4%) | wr= 71.8% (Δ+-0.8%) | PF=1.98 (Δ0.25) | DD= 22.0% | tr= 71 | score=  0.29 (Δ++0.11) |   12s
[14:03:22] [ 3/25] tn=1 hd=1 h=1500 s=3000 top=8 inf=5                    cum=  173.4% (Δ+++-1.6%) | wr= 74.1% (Δ++1.5%) | PF=2.17 (Δ0.44) | DD= 15.8% | tr= 85 | score=  0.49 (Δ++0.30) |   11s
[14:03:33] [ 4/25] tn=2 hd=3 h=2000 s=3000 inf=3 lhd=0.5                  cum=  136.1% (Δ++-39.0%) | wr= 72.3% (Δ+-0.3%) | PF=1.56 (Δ-0.17) | DD= 19.2% | tr=130 | score=  0.28 (Δ++0.10) |   11s
[14:03:45] [ 5/25] tn=2 hd=3 inf=5                                        cum=  489.9% (Δ++314.9%) | wr= 72.2% (Δ+-0.5%) | PF=2.05 (Δ0.32) | DD= 17.9% | tr=219 | score=  0.91 (Δ++0.72) |   12s
[14:03:56] [ 6/25] tn=2 hd=2 h=2000 inf=5 lhd=0.7                         cum=  306.7% (Δ++131.7%) | wr= 75.5% (Δ++2.9%) | PF=2.33 (Δ0.60) | DD= 11.6% | tr=139 | score=  1.00 (Δ++0.81) |   11s
[14:04:08] [ 7/25] tn=1 hd=3 h=2000 s=3000 top=5 inf=5                    cum=  125.1% (Δ++-49.9%) | wr= 70.4% (Δ+-2.2%) | PF=1.90 (Δ0.17) | DD= 15.4% | tr= 71 | score=  0.37 (Δ++0.19) |   11s
[14:04:18] [ 8/25] tn=1 hd=3 h=1500 lhd=0.5                               cum=   76.5% (Δ++-98.6%) | wr= 74.4% (Δ++1.8%) | PF=1.51 (Δ-0.22) | DD= 23.2% | tr= 86 | score=  0.18 (Δ+-0.01) |   10s
[14:04:30] [ 9/25] tn=5 hd=2 h=2000 s=3000 top=8 inf=5 lhd=0.5            cum=  477.5% (Δ++302.4%) | wr= 75.6% (Δ++2.9%) | PF=1.96 (Δ0.23) | DD= 13.5% | tr=311 | score=  1.10 (Δ++0.92) |   12s
[14:04:42] [10/25] tn=4 hd=3 h=1500 s=3000 top=3                          cum=  717.6% (Δ++542.6%) | wr= 73.5% (Δ++0.8%) | PF=2.48 (Δ0.75) | DD=  9.7% | tr=275 | score=  2.43 (Δ++2.24) |   12s ⭐ BEST
[14:04:54] [11/25] tn=1 hd=2 h=2000 s=3000 top=3 inf=5 lhd=0.7            cum=  134.1% (Δ++-40.9%) | wr= 76.1% (Δ++3.5%) | PF=2.26 (Δ0.53) | DD= 10.0% | tr= 67 | score=  0.64 (Δ++0.45) |   12s
[14:05:06] [12/25] tn=5 hd=1 h=1500 s=3000 inf=3                          cum=  696.4% (Δ++521.3%) | wr= 74.7% (Δ++2.0%) | PF=2.41 (Δ0.68) | DD=  7.6% | tr=300 | score=  2.83 (Δ++2.64) |   12s ⭐ BEST
[14:05:18] [13/25] tn=3 hd=3 h=2000 s=3000 top=3                          cum=  569.2% (Δ++394.1%) | wr= 74.9% (Δ++2.2%) | PF=2.84 (Δ1.11) | DD=  6.7% | tr=195 | score=  2.94 (Δ++2.76) |   12s ⭐ BEST
[14:05:27] [14/25] tn=1 hd=1 h=2000 s=3000 lhd=0.5                        cum=   31.8% (Δ+-143.3%) | wr= 70.8% (Δ+-1.8%) | PF=1.23 (Δ-0.50) | DD= 20.9% | tr= 72 | score=  0.13 (Δ+-0.06) |   10s
[14:05:38] [15/25] tn=1 hd=1 h=2000 inf=5 lhd=0.7                         cum=   77.9% (Δ++-97.1%) | wr= 70.4% (Δ+-2.2%) | PF=1.56 (Δ-0.17) | DD= 18.7% | tr= 71 | score=  0.22 (Δ++0.03) |   11s
[14:05:49] [16/25] tn=1 hd=2 h=2000 s=3000 top=8 lhd=0.5                  cum=   31.8% (Δ+-143.3%) | wr= 70.8% (Δ+-1.8%) | PF=1.23 (Δ-0.50) | DD= 20.9% | tr= 72 | score=  0.13 (Δ+-0.06) |   11s
[14:06:01] [17/25] tn=2 hd=2 h=1500 s=3000 top=8 inf=5                    cum=  470.2% (Δ++295.1%) | wr= 76.4% (Δ++3.7%) | PF=2.74 (Δ1.01) | DD=  8.8% | tr=165 | score=  1.97 (Δ++1.78) |   12s
[14:06:13] [18/25] tn=2 hd=2 h=2000 s=3000 top=3 inf=5 lhd=0.5            cum=  242.8% (Δ+++67.7%) | wr= 75.0% (Δ++2.4%) | PF=2.19 (Δ0.46) | DD= 10.1% | tr=128 | score=  0.91 (Δ++0.72) |   12s
[14:06:24] [19/25] tn=4 hd=2 h=1500 s=3000 top=5 inf=5 lhd=0.5            cum=  405.7% (Δ++230.7%) | wr= 75.2% (Δ++2.6%) | PF=1.82 (Δ0.09) | DD= 14.0% | tr=295 | score=  0.89 (Δ++0.71) |   12s
[14:06:37] [20/25] tn=5 hd=1 h=1500 s=3000 top=5 inf=5 lhd=0.5            cum=  475.1% (Δ++300.0%) | wr= 75.0% (Δ++2.4%) | PF=1.84 (Δ0.11) | DD= 11.5% | tr=344 | score=  1.21 (Δ++1.03) |   12s
[14:06:47] [21/25] tn=1 hd=1 h=2000                                       cum=  106.7% (Δ++-68.4%) | wr= 70.8% (Δ+-1.8%) | PF=1.76 (Δ0.03) | DD= 14.9% | tr= 72 | score=  0.34 (Δ++0.15) |   10s
[14:06:58] [22/25] tn=4 hd=3 h=2000 inf=5                                 cum=  698.8% (Δ++523.8%) | wr= 76.0% (Δ++3.3%) | PF=2.62 (Δ0.89) | DD= 10.2% | tr=262 | score=  2.36 (Δ++2.17) |   12s
[14:07:08] [23/25] tn=2 hd=2 h=1500 lhd=0.5                               cum=  213.4% (Δ+++38.4%) | wr= 75.2% (Δ++2.5%) | PF=1.72 (Δ-0.01) | DD= 15.2% | tr=169 | score=  0.50 (Δ++0.31) |   10s
[14:07:20] [24/25] tn=5 hd=3 h=2000 s=3000 top=3 inf=5 lhd=0.5            cum=  420.5% (Δ++245.4%) | wr= 74.2% (Δ++1.6%) | PF=2.00 (Δ0.27) | DD= 11.2% | tr=260 | score=  1.19 (Δ++1.00) |   12s
[14:07:32] [25/25] tn=5 hd=2 h=1500 s=3000 top=5 inf=5 lhd=0.7            cum=  625.2% (Δ++450.1%) | wr= 75.0% (Δ++2.4%) | PF=2.11 (Δ0.38) | DD=  8.4% | tr=344 | score=  2.16 (Δ++1.98) |   12s
[14:07:32] ────────────────────────────────────────────────────────────────────────────────
[14:07:32] 完成 25 轮, 总耗时 285s
[14:07:32] Baseline: cum=175.0% wr=72.7% pf=1.73 score=0.19
[14:07:32] 最佳[500_3_3_h2000_s3000_top3]: cum=569.2% (Δ+394.1%) wr=74.9% (Δ+2.2%) score=2.94 (Δ+2.76)
[14:07:32] 
[14:07:32] Top 3 (delta vs baseline):
[14:07:32]  #1: 500_3_3_h2000_s3000_top3                          cum=569.2% (Δ+394.1%)  wr=74.9% (Δ+2.2%)  score=2.94 (Δ+2.76)  trades=195
[14:07:32]  #2: 500_5_1_h1500_s3000_inf3                          cum=696.4% (Δ+521.3%)  wr=74.7% (Δ+2.0%)  score=2.83 (Δ+2.64)  trades=300
[14:07:32]  #3: 500_4_3_h1500_s3000_top3                          cum=717.6% (Δ+542.6%)  wr=73.5% (Δ+0.8%)  score=2.43 (Δ+2.24)  trades=275
[14:07:32] 
[14:07:32] 25 轮 Δ 分布统计:
[14:07:32]   超 baseline: 22/25 (88%)
[14:07:32]   低于       : 3/25 (12%)
[14:07:32]   Δscore:  mean +0.899  max +2.757  min -0.058  σ 0.872
[14:07:32]   Δcum:   mean +159.8%  max +542.6%  min -143.3%
[14:07:32]   Δwr:    mean +1.1%  max +3.7%  min -2.2%
[14:07:32] ════════════════════════════════════════════════════════════════════════════════
[14:07:32] 结果保存到 /Users/kaikai/scripts/tuixue_v3/grid_25_result.json
[14:46:08] ════════════════════════════════════════════════════════════════════════════════
[14:46:08] 尾盘战法 25 轮寻参 (从 256 种有效组合中随机采样25组)
[14:46:08] 搜索空间: ['sample', 'top_n', 'hold_days', 'breadth_min', 'breadth_min_soft', 'sector_hot_topn', 'sector_inflow_topn', 'late_high_discount', 'require_vwap_strict', 'regime_adaptive']
[14:46:08] 各维取值: {'sample': 1, 'top_n': 2, 'hold_days': 2, 'breadth_min': 2, 'breadth_min_soft': 2, 'sector_hot_topn': 2, 'sector_inflow_topn': 2, 'late_high_discount': 2, 'require_vwap_strict': 1, 'regime_adaptive': 2}
[14:46:08] 默认参数 (baseline): {'sample': 1000, 'top_n': 1, 'hold_days': 3, 'breadth_min': 0, 'breadth_min_soft': 0, 'sector_hot_topn': 0, 'sector_inflow_topn': 0, 'late_high_discount': 1.0, 'require_vwap_strict': False, 'regime_adaptive': False}
[14:46:08] [预热] 跳过 5min 数据, 获取股票列表…
[14:46:08] [预热] 预下载 500 只日线…
[14:46:09] 日线拉取 200/500, 命中 200 (0s)
[14:46:09] 日线拉取 400/500, 命中 400 (1s)
[14:46:16] 日线完成 500/500 (7.9s)
[14:46:16] [预热] 日线就绪 (500 只)
[14:46:16] [预热] 板块缓存…
[14:46:16] [预热] 补 159 只行业 (共 500 只)…
[14:46:17] [预热] 板块就绪 (159/159, 0 有行业, 0s)
[14:46:17] [BASELINE] 500_1_3…
[14:46:27] [BASELINE] 累计175.0% 胜率72.7% 盈亏比1.73 score=0.19 交易117笔 耗时10s
[14:46:27] ────────────────────────────────────────────────────────────────────────────────
[14:46:39] [ 1/25] tn=3 hd=2 h=2000 s=3500 top=5 REG                      cum=  597.5% (Δ++422.4%) | wr= 76.4% (Δ++3.8%) | PF=2.88 (Δ1.15) | DD=  8.0% | tr=208 | score=  2.71 (Δ++2.52) |   12s ⭐ BEST
[14:46:51] [ 2/25] tn=3 hd=2 h=1500 s=3000 top=3 inf=3 lhd=0.7            cum=  379.1% (Δ++204.0%) | wr= 75.6% (Δ++2.9%) | PF=2.33 (Δ0.60) | DD=  7.9% | tr=180 | score=  1.61 (Δ++1.42) |   12s
[14:47:03] [ 3/25] tn=4 hd=2 h=2000 s=3500 top=5 inf=3 REG                cum=  615.5% (Δ++440.5%) | wr= 77.2% (Δ++4.5%) | PF=2.97 (Δ1.24) | DD=  8.6% | tr=219 | score=  2.67 (Δ++2.49) |   12s
[14:47:15] [ 4/25] tn=3 hd=3 h=1500 s=3000 top=3 inf=3 lhd=0.7            cum=  379.1% (Δ++204.0%) | wr= 75.6% (Δ++2.9%) | PF=2.33 (Δ0.60) | DD=  7.9% | tr=180 | score=  1.61 (Δ++1.42) |   12s
[14:47:27] [ 5/25] tn=3 hd=2 h=2000 s=3500 top=5 inf=3 lhd=0.7            cum=  346.5% (Δ++171.5%) | wr= 76.4% (Δ++3.8%) | PF=2.24 (Δ0.51) | DD= 11.5% | tr=178 | score=  1.07 (Δ++0.88) |   12s
[14:47:39] [ 6/25] tn=4 hd=3 h=2000 s=3500 top=5 inf=3 lhd=0.7 REG        cum=  490.9% (Δ++315.8%) | wr= 77.2% (Δ++4.5%) | PF=2.57 (Δ0.84) | DD= 10.2% | tr=219 | score=  1.74 (Δ++1.55) |   12s
[14:47:50] [ 7/25] tn=3 hd=2 h=2000 s=3000 top=3 lhd=0.7 REG              cum=  435.4% (Δ++260.4%) | wr= 74.9% (Δ++2.2%) | PF=2.41 (Δ0.68) | DD=  7.5% | tr=195 | score=  1.92 (Δ++1.73) |   12s
[14:48:03] [ 8/25] tn=4 hd=2 h=2000 s=3500 top=5 inf=3                    cum=  615.5% (Δ++440.5%) | wr= 77.2% (Δ++4.5%) | PF=2.97 (Δ1.24) | DD=  8.6% | tr=219 | score=  2.67 (Δ++2.49) |   12s
[14:48:15] [ 9/25] tn=3 hd=2 h=1500 s=3500 top=5 lhd=0.7                  cum=  513.0% (Δ++337.9%) | wr= 76.7% (Δ++4.1%) | PF=2.34 (Δ0.61) | DD=  9.5% | tr=245 | score=  1.78 (Δ++1.59) |   12s
[14:48:27] [10/25] tn=4 hd=2 h=2000 s=3000 top=5 inf=3 REG                cum=  623.0% (Δ++448.0%) | wr= 77.0% (Δ++4.4%) | PF=2.97 (Δ1.24) | DD=  8.6% | tr=222 | score=  2.70 (Δ++2.52) |   12s
[14:48:39] [11/25] tn=4 hd=3 h=2000 s=3500 top=5 inf=3 REG                cum=  615.5% (Δ++440.5%) | wr= 77.2% (Δ++4.5%) | PF=2.97 (Δ1.24) | DD=  8.6% | tr=219 | score=  2.67 (Δ++2.49) |   12s
[14:48:51] [12/25] tn=4 hd=3 h=2000 s=3000 top=3 inf=3                    cum=  532.4% (Δ++357.4%) | wr= 74.9% (Δ++2.2%) | PF=2.84 (Δ1.11) | DD=  6.9% | tr=191 | score=  2.72 (Δ++2.54) |   13s ⭐ BEST
[14:49:05] [13/25] tn=4 hd=2 h=1500 s=3000 top=5 lhd=0.7 REG              cum=  562.8% (Δ++387.8%) | wr= 74.5% (Δ++1.9%) | PF=2.03 (Δ0.30) | DD= 10.5% | tr=314 | score=  1.61 (Δ++1.42) |   14s
[14:49:19] [14/25] tn=3 hd=2 h=1500 s=3500 top=3 inf=3 lhd=0.7            cum=  409.3% (Δ++234.3%) | wr= 77.2% (Δ++4.5%) | PF=2.67 (Δ0.94) | DD=  6.4% | tr=171 | score=  2.22 (Δ++2.03) |   13s
[14:49:32] [15/25] tn=4 hd=2 h=1500 s=3500 top=3 inf=3 lhd=0.7 REG        cum=  511.6% (Δ++336.6%) | wr= 77.3% (Δ++4.7%) | PF=2.88 (Δ1.15) | DD=  4.9% | tr=203 | score=  3.42 (Δ++3.23) |   13s ⭐ BEST
[14:49:45] [16/25] tn=3 hd=3 h=2000 s=3000 top=5 inf=3                    cum=  460.1% (Δ++285.1%) | wr= 76.5% (Δ++3.9%) | PF=2.67 (Δ0.94) | DD=  9.3% | tr=179 | score=  1.81 (Δ++1.63) |   13s
[14:49:58] [17/25] tn=3 hd=2 h=1500 s=3000 top=5                          cum=  646.6% (Δ++471.6%) | wr= 75.9% (Δ++3.3%) | PF=2.59 (Δ0.86) | DD=  7.7% | tr=245 | score=  2.75 (Δ++2.57) |   13s
[14:50:12] [18/25] tn=3 hd=2 h=1500 s=3000 top=3 inf=3 lhd=0.7 REG        cum=  379.1% (Δ++204.0%) | wr= 75.6% (Δ++2.9%) | PF=2.33 (Δ0.60) | DD=  7.9% | tr=180 | score=  1.61 (Δ++1.42) |   13s
[14:50:24] [19/25] tn=3 hd=2 h=1500 s=3500 top=3 inf=3 lhd=0.7 REG        cum=  409.3% (Δ++234.3%) | wr= 77.2% (Δ++4.5%) | PF=2.67 (Δ0.94) | DD=  6.4% | tr=171 | score=  2.22 (Δ++2.03) |   13s
[14:50:37] [20/25] tn=3 hd=2 h=2000 s=3500 top=3 inf=3 lhd=0.7 REG        cum=  353.5% (Δ++178.5%) | wr= 76.3% (Δ++3.7%) | PF=2.64 (Δ0.91) | DD=  5.4% | tr=148 | score=  2.22 (Δ++2.04) |   13s
[14:50:50] [21/25] tn=3 hd=2 h=2000 s=3500 top=5 lhd=0.7 REG              cum=  453.4% (Δ++278.4%) | wr= 76.4% (Δ++3.8%) | PF=2.43 (Δ0.70) | DD= 10.2% | tr=208 | score=  1.56 (Δ++1.37) |   13s
[14:51:04] [22/25] tn=4 hd=2 h=1500 s=3000 top=3 REG                      cum=  717.6% (Δ++542.6%) | wr= 73.5% (Δ++0.8%) | PF=2.48 (Δ0.75) | DD=  9.7% | tr=275 | score=  2.43 (Δ++2.24) |   14s
[14:51:18] [23/25] tn=4 hd=2 h=1500 s=3500 top=5 lhd=0.7                  cum=  579.1% (Δ++404.1%) | wr= 74.8% (Δ++2.2%) | PF=2.08 (Δ0.35) | DD= 10.5% | tr=314 | score=  1.68 (Δ++1.49) |   13s
[14:51:31] [24/25] tn=4 hd=3 h=2000 s=3500 top=5 inf=3 lhd=0.7            cum=  490.9% (Δ++315.8%) | wr= 77.2% (Δ++4.5%) | PF=2.57 (Δ0.84) | DD= 10.2% | tr=219 | score=  1.74 (Δ++1.55) |   13s
[14:51:44] [25/25] tn=4 hd=2 h=1500 s=3000 top=5 inf=3 lhd=0.7 REG        cum=  520.7% (Δ++345.6%) | wr= 76.6% (Δ++3.9%) | PF=2.34 (Δ0.61) | DD=  9.4% | tr=256 | score=  1.81 (Δ++1.62) |   13s
[14:51:44] ────────────────────────────────────────────────────────────────────────────────
[14:51:44] 完成 25 轮, 总耗时 317s
[14:51:44] Baseline: cum=175.0% wr=72.7% pf=1.73 score=0.19
[14:51:44] 最佳[500_4_2_h1500_s3500_top3_inf3_lhd0.7_reg]: cum=511.6% (Δ+336.6%) wr=77.3% (Δ+4.7%) score=3.42 (Δ+3.23)
[14:51:44] 
[14:51:44] Top 3 (delta vs baseline):
[14:51:44]  #1: 500_4_2_h1500_s3500_top3_inf3_lhd0.7_reg          cum=511.6% (Δ+336.6%)  wr=77.3% (Δ+4.7%)  score=3.42 (Δ+3.23)  trades=203
[14:51:44]  #2: 500_3_2_h1500_s3000_top5                          cum=646.6% (Δ+471.6%)  wr=75.9% (Δ+3.3%)  score=2.75 (Δ+2.57)  trades=245
[14:51:44]  #3: 500_4_3_h2000_s3000_top3_inf3                     cum=532.4% (Δ+357.4%)  wr=74.9% (Δ+2.2%)  score=2.72 (Δ+2.54)  trades=191
[14:51:44] 
[14:51:44] 25 轮 Δ 分布统计:
[14:51:44]   超 baseline: 25/25 (100%)
[14:51:44]   低于       : 0/25 (0%)
[14:51:44]   Δscore:  mean +1.931  max +3.233  min +0.882  σ 0.548
[14:51:44]   Δcum:   mean +330.5%  max +542.6%  min +171.5%
[14:51:44]   Δwr:    mean +3.6%  max +4.7%  min +0.8%
[14:51:44] ════════════════════════════════════════════════════════════════════════════════
[14:51:44] 结果保存到 /Users/kaikai/scripts/tuixue_v3/grid_25_result.json
