[15:20:40] ══════════════════════════════════════════════════════════════════════
[15:20:40] 尾盘战法 · 逐月回归测试
[15:20:40] 最优参数: {'top_n': 4, 'hold_days': 2, 'breadth_min': 1500, 'breadth_min_soft': 3500, 'sector_hot_topn': 3, 'sector_inflow_topn': 3, 'late_high_discount': 0.7, 'require_vwap_strict': False, 'regime_adaptive': True}
[15:20:40] Baseline: tn=1 hd=3 无过滤
[15:20:40] 完整交易日期: 372 天 (20250102~20260717)
[15:20:40] 有效月份: 19 个 (>=10 交易日)
[15:20:40]   202501: 18 天 (20250102~20250127)
[15:20:40]   202502: 18 天 (20250205~20250228)
[15:20:40]   202503: 21 天 (20250303~20250331)
[15:20:40]   202504: 21 天 (20250401~20250430)
[15:20:40]   202505: 19 天 (20250506~20250530)
[15:20:40]   202506: 20 天 (20250603~20250630)
[15:20:40]   202507: 23 天 (20250701~20250731)
[15:20:40]   202508: 21 天 (20250801~20250829)
[15:20:40]   202509: 22 天 (20250901~20250930)
[15:20:40]   202510: 17 天 (20251009~20251031)
[15:20:40]   202511: 20 天 (20251103~20251128)
[15:20:40]   202512: 23 天 (20251201~20251231)
[15:20:40]   202601: 20 天 (20260105~20260130)
[15:20:40]   202602: 14 天 (20260202~20260227)
[15:20:40]   202603: 22 天 (20260302~20260331)
[15:20:40]   202604: 21 天 (20260401~20260430)
[15:20:40]   202605: 18 天 (20260506~20260529)
[15:20:40]   202606: 21 天 (20260601~20260630)
[15:20:40]   202607: 13 天 (20260701~20260717)
[15:20:40] [预热] 跳过 5min, 拉股票列表…
[15:20:40] [预热] 预下载 1000 只日线…
[15:20:54] 日线拉取 200/1000, 命中 200 (13s)
[15:21:01] 日线拉取 400/1000, 命中 400 (21s)
[15:21:29] 日线拉取 600/1000, 命中 600 (49s)
[15:22:00] 日线拉取 800/1000, 命中 800 (80s)
[15:22:10] 日线 90s 闸到, 完成 849/1000, 命中 849
[15:22:10] 日线完成 849/1000 (放弃 151 只) (90.0s)
[15:22:10] [预热] 日线就绪 (849 只)
[15:22:10] [预热] 板块缓存…
[15:22:10] [预热] 补 252 只行业 (共 1000 只)…
[15:22:11] [预热] 板块 200/252 · 0 有行业
[15:22:11] [预热] 板块就绪 (252/252, 0 有行业, 1s)
[15:22:11] ──────────────────────────────────────────────────────────────────────
[15:22:11] [1/19] 202501 (20250102~20250127)
[15:22:34]   BEST: cum=   39.8% wr= 69.6% PF=1.96 DD=26.1% tr= 23 score=0.15 (23s)
[15:22:51]   BL: cum=   11.8% wr= 76.5% PF=1.31 DD=14.1% tr= 17 score=0.16 (18s)
[15:22:51] ──────────────────────────────────────────────────────────────────────
[15:22:51] [2/19] 202502 (20250205~20250228)
[15:23:13]   BEST: cum=  145.6% wr= 82.2% PF=4.51 DD= 9.4% tr= 45 score=1.19 (21s)
[15:23:31]   BL: cum=   30.7% wr= 66.7% PF=1.48 DD=18.1% tr= 21 score=0.16 (18s)
[15:23:31] ──────────────────────────────────────────────────────────────────────
[15:23:31] [3/19] 202503 (20250303~20250331)
[15:23:52]   BEST: cum=   72.0% wr= 77.4% PF=2.73 DD=12.6% tr= 31 score=0.44 (21s)
[15:24:10]   BL: cum=  107.0% wr= 95.2% PF=11.70 DD= 6.2% tr= 21 score=3.21 (18s)
[15:24:10] ──────────────────────────────────────────────────────────────────────
[15:24:10] [4/19] 202504 (20250401~20250430)
[15:24:32]   BEST: cum=   46.4% wr= 80.0% PF=2.37 DD= 8.1% tr= 30 score=0.49 (22s)
[15:24:50]   BL: cum=   43.5% wr= 75.0% PF=2.13 DD=12.9% tr= 20 score=0.30 (18s)
[15:24:50] ──────────────────────────────────────────────────────────────────────
[15:24:50] [5/19] 202505 (20250506~20250530)
[15:25:12]   BEST: cum=  124.9% wr= 89.2% PF=5.88 DD= 9.1% tr= 37 score=1.39 (22s)
[15:25:29]   BL: cum=   75.0% wr= 85.7% PF=6.54 DD= 9.3% tr= 21 score=1.16 (18s)
[15:25:29] ──────────────────────────────────────────────────────────────────────
[15:25:29] [6/19] 202506 (20250603~20250630)
[15:25:51]   BEST: cum=   34.7% wr= 63.2% PF=1.48 DD=19.0% tr= 38 score=0.16 (22s)
[15:26:09]   BL: cum=   66.0% wr= 66.7% PF=2.43 DD=11.2% tr= 21 score=0.43 (18s)
[15:26:09] ──────────────────────────────────────────────────────────────────────
[15:26:09] [7/19] 202507 (20250701~20250731)
[15:26:31]   BEST: cum=  120.0% wr= 79.0% PF=3.84 DD=10.3% tr= 38 score=0.87 (22s)
[15:26:49]   BL: cum=   53.7% wr= 81.0% PF=3.09 DD= 9.0% tr= 21 score=0.57 (18s)
[15:26:49] ──────────────────────────────────────────────────────────────────────
[15:26:49] [8/19] 202508 (20250801~20250829)
[15:27:12]   BEST: cum=   63.2% wr= 69.8% PF=1.92 DD=17.6% tr= 43 score=0.24 (23s)
[15:27:31]   BL: cum=   -3.8% wr= 57.1% PF=0.93 DD=19.3% tr= 21 score=0.09 (19s)
[15:27:31] ──────────────────────────────────────────────────────────────────────
[15:27:31] [9/19] 202509 (20250901~20250930)
[15:27:53]   BEST: cum=   53.0% wr= 75.0% PF=2.92 DD= 7.2% tr= 28 score=0.65 (23s)
[15:28:13]   BL: cum=   56.7% wr= 66.7% PF=2.69 DD=16.4% tr= 21 score=0.31 (19s)
[15:28:13] ──────────────────────────────────────────────────────────────────────
[15:28:13] [10/19] 202510 (20251009~20251031)
[15:28:36]   BEST: cum=   76.1% wr= 66.7% PF=2.03 DD=10.6% tr= 42 score=0.42 (23s)
[15:28:54]   BL: cum=   68.1% wr= 71.4% PF=4.22 DD= 8.3% tr= 21 score=0.86 (18s)
[15:28:54] ──────────────────────────────────────────────────────────────────────
[15:28:54] [11/19] 202511 (20251103~20251128)
[15:29:18]   BEST: cum=   57.2% wr= 76.3% PF=1.95 DD=20.2% tr= 38 score=0.21 (23s)
[15:29:36]   BL: cum=   51.9% wr= 66.7% PF=2.31 DD=12.4% tr= 21 score=0.35 (19s)
[15:29:36] ──────────────────────────────────────────────────────────────────────
[15:29:36] [12/19] 202512 (20251201~20251231)
[15:29:58]   BEST: cum=  108.6% wr= 75.0% PF=3.54 DD=11.8% tr= 36 score=0.69 (22s)
[15:30:17]   BL: cum=   65.2% wr= 71.4% PF=3.09 DD= 5.6% tr= 21 score=0.89 (18s)
[15:30:17] ──────────────────────────────────────────────────────────────────────
[15:30:17] [13/19] 202601 (20260105~20260130)
[15:30:38]   BEST: cum=  138.2% wr= 84.2% PF=3.80 DD= 6.6% tr= 57 score=1.32 (22s)
[15:30:56]   BL: cum=   23.6% wr= 76.2% PF=1.61 DD=12.5% tr= 21 score=0.22 (18s)
[15:30:56] ──────────────────────────────────────────────────────────────────────
[15:30:56] [14/19] 202602 (20260202~20260227)
[15:31:19]   BEST: cum=  120.4% wr= 84.8% PF=2.65 DD=10.8% tr= 59 score=0.63 (22s)
[15:31:37]   BL: cum=   15.6% wr= 71.4% PF=1.31 DD=19.6% tr= 21 score=0.12 (18s)
[15:31:37] ──────────────────────────────────────────────────────────────────────
[15:31:37] [15/19] 202603 (20260302~20260331)
[15:31:59]   BEST: cum=   96.6% wr= 85.3% PF=4.16 DD= 5.5% tr= 34 score=1.34 (22s)
[15:32:17]   BL: cum=    3.5% wr= 61.9% PF=1.05 DD=27.3% tr= 21 score=0.07 (18s)
[15:32:17] ──────────────────────────────────────────────────────────────────────
[15:32:17] [16/19] 202604 (20260401~20260430)
[15:32:39]   BEST: cum=   27.3% wr= 69.0% PF=1.47 DD=12.3% tr= 29 score=0.22 (22s)
[15:32:58]   BL: cum=   83.8% wr= 90.0% PF=5.48 DD=10.5% tr= 20 score=0.95 (18s)
[15:32:58] ──────────────────────────────────────────────────────────────────────
[15:32:58] [17/19] 202605 (20260506~20260529)
[15:33:20]   BEST: cum=  105.5% wr= 72.7% PF=2.25 DD=17.9% tr= 44 score=0.34 (22s)
[15:33:39]   BL: cum=   70.3% wr= 76.2% PF=3.84 DD= 7.2% tr= 21 score=0.90 (19s)
[15:33:39] ──────────────────────────────────────────────────────────────────────
[15:33:39] [18/19] 202606 (20260601~20260630)
[15:34:01]   BEST: cum=   39.0% wr= 72.7% PF=1.67 DD=16.6% tr= 33 score=0.20 (22s)
[15:34:22]   BL: cum=   23.5% wr= 71.4% PF=1.41 DD=11.9% tr= 21 score=0.21 (20s)
[15:34:22] ──────────────────────────────────────────────────────────────────────
[15:34:22] [19/19] 202607 (20260701~20260717)
[15:34:45]   BEST: cum=   83.4% wr= 80.0% PF=2.27 DD=16.7% tr= 40 score=0.32 (23s)
[15:35:05]   BL: cum=   64.5% wr= 85.7% PF=3.22 DD=13.5% tr= 21 score=0.45 (20s)
[15:35:05] ══════════════════════════════════════════════════════════════════════
[15:35:05] 月度回归汇总:
[15:35:05] 
    月份     最优cum   最优wr   最优PF  最优DD    BL cum  BL wr      Δcum  Δscore
[15:35:05] ----------------------------------------------------------------------
[15:35:05] 202501     39.8%  69.6%  1.96 26.1%     11.8%  76.5%    +28.0%  -0.01
[15:35:05] 202502    145.6%  82.2%  4.51  9.4%     30.7%  66.7%   +114.9%  +1.02
[15:35:05] 202503     72.0%  77.4%  2.73 12.6%    107.0%  95.2%    -35.0%  -2.77
[15:35:05] 202504     46.4%  80.0%  2.37  8.1%     43.5%  75.0%     +2.9%  +0.19
[15:35:05] 202505    124.9%  89.2%  5.88  9.1%     75.0%  85.7%    +49.9%  +0.23
[15:35:05] 202506     34.7%  63.2%  1.48 19.0%     66.0%  66.7%    -31.3%  -0.27
[15:35:05] 202507    120.0%  79.0%  3.84 10.3%     53.7%  81.0%    +66.4%  +0.30
[15:35:05] 202508     63.2%  69.8%  1.92 17.6%     -3.8%  57.1%    +67.0%  +0.16
[15:35:05] 202509     53.0%  75.0%  2.92  7.2%     56.7%  66.7%     -3.7%  +0.34
[15:35:05] 202510     76.1%  66.7%  2.03 10.6%     68.1%  71.4%     +8.0%  -0.43
[15:35:05] 202511     57.2%  76.3%  1.95 20.2%     51.9%  66.7%     +5.3%  -0.14
[15:35:05] 202512    108.6%  75.0%  3.54 11.8%     65.2%  71.4%    +43.4%  -0.20
[15:35:05] 202601    138.2%  84.2%  3.80  6.6%     23.6%  76.2%   +114.6%  +1.10
[15:35:05] 202602    120.4%  84.8%  2.65 10.8%     15.6%  71.4%   +104.8%  +0.51
[15:35:05] 202603     96.6%  85.3%  4.16  5.5%      3.5%  61.9%    +93.1%  +1.27
[15:35:05] 202604     27.3%  69.0%  1.47 12.3%     83.8%  90.0%    -56.5%  -0.73
[15:35:05] 202605    105.5%  72.7%  2.25 17.9%     70.3%  76.2%    +35.2%  -0.56
[15:35:05] 202606     39.0%  72.7%  1.67 16.6%     23.5%  71.4%    +15.5%  -0.01
[15:35:05] 202607     83.4%  80.0%  2.27 16.7%     64.5%  85.7%    +18.9%  -0.13
[15:35:05] ----------------------------------------------------------------------
[15:35:05] 最优月均: 81.7%  Baseline月均: 47.9%
[15:35:05] 最优胜Baseline: 15/19 (79%)
[15:35:05] Δscore 均值: -0.01  正值月: 9/19
[15:35:05] score 中位数: 0.44  Top3 均值: 1.35
[15:35:05] 结果保存到 /Users/kaikai/scripts/tuixue_v3/monthly_regression.json
[15:35:05] ══════════════════════════════════════════════════════════════════════
