[13:53:51] ═══ 尾盘战法 1000 轮自动寻参 (v3 — baseline + 每轮 delta) ═══
[13:53:51] 搜索空间: 25 种取值组合
[13:53:51] 默认参数 (baseline): {'sample': 1000, 'top_n': 1, 'hold_days': 3, 'breadth_min': 0, 'breadth_min_soft': 0, 'sector_hot_topn': 0, 'sector_inflow_topn': 0, 'late_high_discount': 1.0, 'require_vwap_strict': False}
[13:53:51] 开始 1000 轮优化 (WIN_RATE_V2, 半年周期)…
[13:53:52] [预热] 跳过 5min 数据 (monkey-patch, 快模式)
[13:53:52] [预热] 获取股票列表…
[13:53:52] [预热] 预下载 500 只日线…
[13:53:52] 日线拉取 200/500, 命中 200 (0s)
[13:53:53] 日线拉取 400/500, 命中 400 (1s)
[13:54:05] 日线完成 483/500 (12.9s)
[13:54:05] [预热] 日线就绪 (483 只)
[13:54:05] [预热] 板块缓存预热…
[13:54:05] [预热] 补 159 只行业 (共 500 只)…
[13:54:05] [预热] 板块就绪 (159/159, 0 有行业, 0s)
[13:54:05] [预热] 就绪, 开始 1000 轮搜索
[13:54:05] [0/1000] [BASELINE] 500_1_3…
[13:54:05] [0/1000] [BASELINE] ✓ 累计0.0% 胜率0.0% 回撤0.0% 盈亏比1.00 score=0.00 交易0笔 耗时0s
[13:54:05] [1/1000] 500_5_2_h2000_s3000_top8_lhd0.5…
[13:54:17] [1/1000] ★ 新最佳: 累计553.8% 胜率75.7% 回撤7.6% 盈亏比2.01 score=2.04 耗时12s Δcum=+553.8% Δwr=+75.7% Δpf=+1.01 Δsc=+2.04
[13:54:17] [2/1000] 500_1_2_h1500_s3000_top3_lhd0.5…
[13:54:28] [3/1000] 500_5_1_h1500_s3000_inf5_lhd0.5…
[13:54:40] [4/1000] 500_3_1_h1500_lhd0.7…
[13:54:50] [5/1000] 500_4_1_h1500_s3000_top8_inf3…
[13:55:02] [5/1000] ★ 新最佳: 累计652.9% 胜率76.5% 回撤7.8% 盈亏比2.59 score=2.74 耗时12s Δcum=+652.9% Δwr=+76.5% Δpf=+1.59 Δsc=+2.74
[13:55:02] [6/1000] 500_3_2_h1500_inf3_lhd0.7…
[13:55:14] [7/1000] 500_5_1_h1500_s3000_top3_inf3_lhd0.5…
[13:55:25] [8/1000] 500_5_3_h2000_s3000_top5_inf3…
[13:55:37] [8/1000] ★ 新最佳: 累计640.4% 胜率75.1% 回撤7.8% 盈亏比2.65 score=2.76 耗时12s Δcum=+640.4% Δwr=+75.1% Δpf=+1.65 Δsc=+2.76
[13:55:37] [9/1000] 500_5_2_h1500_s3000_top8_inf3_lhd0.5…
[13:55:48] [10/1000] 500_1_2_h1500_s3000_top8_inf3_lhd0.5…
