[14:26:02] ════════════════════════════════════════════════════════════
[14:26:02] Walk-Forward 验证 · 从 grid_25 取 Top 3 组合
[14:26:02] Baseline: cum=175.0% wr=72.7% pf=1.73
[14:26:02]  Top1: 500_3_3_h2000_s3000_top3  score=2.94 cum=569.2% wr=74.9%
[14:26:02]  Top2: 500_5_1_h1500_s3000_inf3  score=2.83 cum=696.4% wr=74.7%
[14:26:02]  Top3: 500_4_3_h1500_s3000_top3  score=2.43 cum=717.6% wr=73.5%
[14:26:02] [预热] 跳过 5min, 拉股票列表…
[14:26:02] [预热] 预下载 500 只日线…
[14:26:03] 日线拉取 200/500, 命中 200 (0s)
[14:26:03] 日线拉取 400/500, 命中 400 (1s)
[14:26:11] 日线完成 500/500 (8.6s)
[14:26:11] [预热] 日线就绪 (500 只)
[14:26:11] [预热] 板块缓存…
[14:26:11] [预热] 补 159 只行业 (共 500 只)…
[14:26:11] [预热] 板块就绪 (159/159, 0 有行业, 0s)
[14:26:11] [WF] 取完整交易日历…
[14:26:11] [WF] 完整交易日期: 372 天 (20250102~20260717)
[14:26:11] [WF] 训练期: 186 天 (20250102~20251013)
[14:26:11] [WF] 验证期: 186 天 (20251014~20260717)
[14:26:11] ────────────────────────────────────────────────────────────
[14:26:11] [WF] 训练期 … 重跑 Top 3
[14:26:55]   500_4_3_h1500_s3000_top3  train_score=1.68 cum=704.6% wr=74.6% pf=2.90 dd=16.7% tr=256
[14:26:55]   500_3_3_h2000_s3000_top3  train_score=1.06 cum=465.1% wr=73.5% pf=2.48 dd=16.5% tr=196
[14:26:55]   500_5_1_h1500_s3000_inf3  train_score=0.84 cum=482.4% wr=72.1% pf=2.58 dd=22.9% tr=190
[14:26:55]   500_1_3  train_score=0.55 cum=228.7% wr=69.3% pf=1.98 dd=15.8% tr=114
[14:26:55] ────────────────────────────────────────────────────────────
[14:26:55] [WF] 验证期 … 重跑 Top 3
[14:27:39]   500_3_3_h2000_s3000_top3  test_score=2.94 cum=569.2% wr=74.9% pf=2.84 dd=6.7% tr=195
[14:27:39]   500_5_1_h1500_s3000_inf3  test_score=2.83 cum=696.4% wr=74.7% pf=2.41 dd=7.6% tr=300
[14:27:39]   500_4_3_h1500_s3000_top3  test_score=2.43 cum=717.6% wr=73.5% pf=2.48 dd=9.7% tr=275
[14:27:39]   500_1_3  test_score=0.19 cum=175.0% wr=72.7% pf=1.73 dd=38.2% tr=117
[14:27:39] ════════════════════════════════════════════════════════════
[14:27:39] IS (训练期) vs OOS (验证期) 对比:
[14:27:39]   500_1_3                                       IS cum=  228.7% score= 0.55 | OOS cum=  175.0% score= 0.19 | Δcum=++++53.7% Δscore=+0.36
[14:27:39]   500_3_3_h2000_s3000_top3                      IS cum=  465.1% score= 1.06 | OOS cum=  569.2% score= 2.94 | Δcum=++-104.1% Δscore=-1.88
[14:27:39]   500_5_1_h1500_s3000_inf3                      IS cum=  482.4% score= 0.84 | OOS cum=  696.4% score= 2.83 | Δcum=++-214.0% Δscore=-1.99
[14:27:39]   500_4_3_h1500_s3000_top3                      IS cum=  704.6% score= 1.68 | OOS cum=  717.6% score= 2.43 | Δcum=+++-13.0% Δscore=-0.75
[14:27:39] 结果保存 /Users/kaikai/scripts/tuixue_v3/wf_result.json + wf_result.csv
[14:27:39] ════════════════════════════════════════════════════════════
[14:52:22] ════════════════════════════════════════════════════════════
[14:52:22] Walk-Forward 验证 · 从 grid_25 取 Top 3 组合
[14:52:22] Baseline: cum=175.0% wr=72.7% pf=1.73
[14:52:22]  Top1: 500_4_2_h1500_s3500_top3_inf3_lhd0.7_reg  score=3.42 cum=511.6% wr=77.3%
[14:52:22]  Top2: 500_3_2_h1500_s3000_top5  score=2.75 cum=646.6% wr=75.9%
[14:52:22]  Top3: 500_4_3_h2000_s3000_top3_inf3  score=2.72 cum=532.4% wr=74.9%
[14:52:22] [预热] 跳过 5min, 拉股票列表…
[14:52:22] [预热] 预下载 500 只日线…
[14:52:23] 日线拉取 200/500, 命中 200 (0s)
[14:52:23] 日线拉取 400/500, 命中 400 (1s)
[14:52:35] 日线完成 496/500 (13.0s)
[14:52:35] [预热] 日线就绪 (496 只)
[14:52:35] [预热] 板块缓存…
[14:52:35] [预热] 补 159 只行业 (共 500 只)…
[14:52:36] [预热] 板块就绪 (159/159, 0 有行业, 0s)
[14:52:36] [WF] 取完整交易日历…
[14:52:36] [WF] 完整交易日期: 372 天 (20250102~20260717)
[14:52:36] [WF] 训练期: 186 天 (20250102~20251013)
[14:52:36] [WF] 验证期: 186 天 (20251014~20260717)
[14:52:36] ────────────────────────────────────────────────────────────
[14:52:36] [WF] 训练期 … 重跑 Top 3
[14:53:24]   500_4_3_h2000_s3000_top3_inf3  train_score=1.29 cum=402.0% wr=73.0% pf=2.87 dd=13.0% tr=141
[14:53:24]   500_3_2_h1500_s3000_top5  train_score=0.90 cum=599.9% wr=73.5% pf=2.48 dd=25.1% tr=245
[14:53:24]   500_4_2_h1500_s3500_top3_inf3_lhd0.7  train_score=0.84 cum=317.4% wr=74.1% pf=2.60 dd=15.9% tr=139
[14:53:24]   500_1_3  train_score=0.55 cum=228.7% wr=69.3% pf=1.98 dd=15.8% tr=114
[14:53:24] ────────────────────────────────────────────────────────────
[14:53:24] [WF] 验证期 … 重跑 Top 3
[14:54:12]   500_4_2_h1500_s3500_top3_inf3_lhd0.7  test_score=3.42 cum=511.6% wr=77.3% pf=2.88 dd=4.9% tr=203
[14:54:12]   500_3_2_h1500_s3000_top5  test_score=2.75 cum=646.6% wr=75.9% pf=2.59 dd=7.7% tr=245
[14:54:12]   500_4_3_h2000_s3000_top3_inf3  test_score=2.72 cum=532.4% wr=74.9% pf=2.84 dd=6.9% tr=191
[14:54:12]   500_1_3  test_score=0.19 cum=175.0% wr=72.7% pf=1.73 dd=38.2% tr=117
[14:54:12] ════════════════════════════════════════════════════════════
[14:54:12] IS (训练期) vs OOS (验证期) 对比:
[14:54:12]   500_1_3                                       IS cum=  228.7% score= 0.55 | OOS cum=  175.0% score= 0.19 | Δcum=++++53.7% Δscore=+0.36
[14:54:12]   500_4_2_h1500_s3500_top3_inf3_lhd0.7          IS cum=  317.4% score= 0.84 | OOS cum=  511.6% score= 3.42 | Δcum=++-194.2% Δscore=-2.58
[14:54:12]   500_3_2_h1500_s3000_top5                      IS cum=  599.9% score= 0.90 | OOS cum=  646.6% score= 2.75 | Δcum=+++-46.7% Δscore=-1.85
[14:54:12]   500_4_3_h2000_s3000_top3_inf3                 IS cum=  402.0% score= 1.29 | OOS cum=  532.4% score= 2.72 | Δcum=++-130.4% Δscore=-1.43
[14:54:12] 结果保存 /Users/kaikai/scripts/tuixue_v3/wf_result.json + wf_result.csv
[14:54:12] ════════════════════════════════════════════════════════════
