2026-08-03 23:31:10,039 [INFO] CacheStore: Redis 已恢复,切回主用
2026-08-03 23:31:10,041 [INFO] ========== ZT 优化 2025-12-01→2026-07-31 | iter=2000 pop=40 board=all sample=300 max_h=0.0 ==========
2026-08-03 23:31:10,041 [INFO] ========== 构建 ZT 缓存 2025-12-01→2026-07-31 board=all ==========
2026-08-03 23:31:10,045 [INFO] 交易日: 162 天
2026-08-03 23:31:11,353 [INFO]   cache_db 原始行数: 1815830
2026-08-03 23:31:13,340 [INFO]   batch 构建 3139 只股票日线 (max rows=981)
2026-08-03 23:31:13,500 [INFO] 日线缓存: 3139/5534 命中 (3s)
2026-08-03 23:32:12,158 [INFO] OHLC 涨停检测: 162 天有数据, 10074 只次候选 (62s)
2026-08-03 23:32:12,158 [INFO] 预构建缓存完成 (62s)
2026-08-03 23:32:12,159 [INFO] Phase 1: 随机搜索 1000 次...
2026-08-03 23:32:12,159 [INFO] ========== ZT回测 2025-12-01→2026-07-31 | top=1 board=main entry=close_t0 sample=300 ==========
2026-08-03 23:32:13,749 [INFO] HS300 regime 预计算: 365 天 (bull=203 bear=41 crash=62 unknown=59)
2026-08-03 23:32:13,759 [INFO]   进度 20/162 | trades=13 | skip=6 | 1.6s
2026-08-03 23:32:13,780 [INFO]   进度 40/162 | trades=31 | skip=8 | 1.6s
2026-08-03 23:32:13,786 [INFO]   进度 60/162 | trades=41 | skip=18 | 1.6s
2026-08-03 23:32:13,787 [INFO]   进度 80/162 | trades=43 | skip=36 | 1.6s
2026-08-03 23:32:13,797 [INFO]   进度 100/162 | trades=59 | skip=40 | 1.6s
2026-08-03 23:32:13,809 [INFO]   进度 120/162 | trades=76 | skip=43 | 1.7s
2026-08-03 23:32:13,819 [INFO]   进度 140/162 | trades=89 | skip=50 | 1.7s
2026-08-03 23:32:13,820 [INFO]   进度 160/162 | trades=90 | skip=69 | 1.7s
2026-08-03 23:32:13,820 [INFO] ========== ZT回测完成 | trades=90 | fill_rate=20% | 1.7s ==========
2026-08-03 23:32:13,916 [INFO]   笔数=90 | 胜率=74.4% | 平均=0.49% | 日均=0.61% | 总收益=54.7% | 最大回撤=-4.4%
2026-08-03 23:32:13,916 [INFO]   [best      ] n=90 胜率=82.2% 平均=1.06% 累计=157.0%
2026-08-03 23:32:13,916 [INFO]   [close_t1  ] n=90 胜率=36.7% 平均=-0.35% 累计=-27.5%
2026-08-03 23:32:13,916 [INFO]   [close_t2  ] n=90 胜率=36.7% 平均=-0.35% 累计=-28.5%
2026-08-03 23:32:13,916 [INFO]   [close_t3  ] n=90 胜率=41.1% 平均=-0.29% 累计=-24.8%
2026-08-03 23:32:13,916 [INFO]   [gap_t1    ] n=90 胜率=31.1% 平均=-0.33% 累计=-26.2%
2026-08-03 23:32:13,916 [INFO]   [open_t2   ] n=90 胜率=33.3% 平均=-0.41% 累计=-31.6%
2026-08-03 23:32:13,916 [INFO]   [stop_t1   ] n=45 胜率=0.0% 平均=-1.92% 累计=-58.3%
2026-08-03 23:32:13,916 [INFO]   [trail_t2  ] n=41 胜率=87.8% 平均=0.97% 累计=48.4%
2026-08-03 23:32:13,916 [INFO]   score=12.5 | 月复利=9.9% | 笔数=90 胜率=74.4% DD=-7.6% | lev=1.75x | 1.8s
2026-08-03 23:32:13,917 [INFO] ========== ZT回测 2025-12-01→2026-07-31 | top=3 board=gem+star entry=close_t0 sample=300 ==========
2026-08-03 23:32:15,239 [INFO] HS300 regime 预计算: 365 天 (bull=203 bear=41 crash=62 unknown=59)
2026-08-03 23:32:15,239 [INFO]   进度 20/162 | trades=0 | skip=6 | 1.3s
2026-08-03 23:32:15,239 [INFO]   进度 40/162 | trades=0 | skip=8 | 1.3s
2026-08-03 23:32:15,240 [INFO]   进度 60/162 | trades=0 | skip=18 | 1.3s
2026-08-03 23:32:15,240 [INFO]   进度 80/162 | trades=0 | skip=36 | 1.3s
2026-08-03 23:32:15,240 [INFO]   进度 100/162 | trades=0 | skip=40 | 1.3s
2026-08-03 23:32:15,240 [INFO]   进度 120/162 | trades=0 | skip=43 | 1.3s
2026-08-03 23:32:15,241 [INFO]   进度 140/162 | trades=0 | skip=50 | 1.3s
2026-08-03 23:32:15,241 [INFO]   进度 160/162 | trades=0 | skip=69 | 1.3s
2026-08-03 23:32:15,241 [INFO] ========== ZT回测完成 | trades=0 | fill_rate=20% | 1.3s ==========
2026-08-03 23:32:15,241 [WARNING]   无任何交易产生！
2026-08-03 23:32:15,241 [INFO]   score=-1000.0 | 月复利=0.0% | 笔数=0 胜率=0.0% DD=0.0% | lev=1.50x | 1.3s
2026-08-03 23:32:15,241 [INFO] ========== ZT回测 2025-12-01→2026-07-31 | top=1 board=all entry=open_t1 sample=300 ==========
2026-08-03 23:32:15,241 [INFO]   进度 20/162 | trades=0 | skip=0 | 0.0s
2026-08-03 23:32:15,242 [INFO]   进度 40/162 | trades=0 | skip=0 | 0.0s
2026-08-03 23:32:15,242 [INFO]   进度 60/162 | trades=0 | skip=0 | 0.0s
2026-08-03 23:32:15,242 [INFO]   进度 80/162 | trades=0 | skip=0 | 0.0s
2026-08-03 23:32:15,242 [INFO]   进度 100/162 | trades=0 | skip=0 | 0.0s
2026-08-03 23:32:15,243 [INFO]   进度 120/162 | trades=0 | skip=0 | 0.0s
2026-08-03 23:32:15,243 [INFO]   进度 140/162 | trades=0 | skip=0 | 0.0s
2026-08-03 23:32:15,243 [INFO]   进度 160/162 | trades=0 | skip=0 | 0.0s
2026-08-03 23:32:15,243 [INFO] ========== ZT回测完成 | trades=0 | fill_rate=35% | 0.0s ==========
2026-08-03 23:32:15,243 [WARNING]   无任何交易产生！
2026-08-03 23:32:15,243 [INFO]   score=-1000.0 | 月复利=0.0% | 笔数=0 胜率=0.0% DD=0.0% | lev=1.50x | 0.0s
2026-08-03 23:32:15,243 [INFO] ========== ZT回测 2025-12-01→2026-07-31 | top=1 board=gem+star entry=close_t0 sample=300 ==========
2026-08-03 23:32:16,567 [INFO] HS300 regime 预计算: 365 天 (bull=203 bear=41 crash=62 unknown=59)
2026-08-03 23:32:16,575 [INFO]   进度 20/162 | trades=13 | skip=6 | 1.3s
2026-08-03 23:32:16,587 [INFO]   进度 40/162 | trades=31 | skip=8 | 1.3s
2026-08-03 23:32:16,592 [INFO]   进度 60/162 | trades=41 | skip=18 | 1.3s
2026-08-03 23:32:16,593 [INFO]   进度 80/162 | trades=43 | skip=36 | 1.3s
2026-08-03 23:32:16,603 [INFO]   进度 100/162 | trades=59 | skip=40 | 1.4s
2026-08-03 23:32:16,615 [INFO]   进度 120/162 | trades=76 | skip=43 | 1.4s
2026-08-03 23:32:16,623 [INFO]   进度 140/162 | trades=89 | skip=50 | 1.4s
2026-08-03 23:32:16,623 [INFO]   进度 160/162 | trades=90 | skip=69 | 1.4s
2026-08-03 23:32:16,623 [INFO] ========== ZT回测完成 | trades=90 | fill_rate=20% | 1.4s ==========
2026-08-03 23:32:16,713 [INFO]   笔数=90 | 胜率=74.4% | 平均=0.48% | 日均=0.60% | 总收益=53.9% | 最大回撤=-5.4%
2026-08-03 23:32:16,714 [INFO]   [best      ] n=90 胜率=82.2% 平均=1.06% 累计=157.0%
2026-08-03 23:32:16,714 [INFO]   [close_t1  ] n=90 胜率=36.7% 平均=-0.35% 累计=-27.5%
2026-08-03 23:32:16,714 [INFO]   [close_t2  ] n=90 胜率=36.7% 平均=-0.35% 累计=-28.5%
2026-08-03 23:32:16,714 [INFO]   [close_t3  ] n=90 胜率=41.1% 平均=-0.29% 累计=-24.8%
2026-08-03 23:32:16,714 [INFO]   [gap_t1    ] n=90 胜率=31.1% 平均=-0.33% 累计=-26.2%
2026-08-03 23:32:16,714 [INFO]   [open_t2   ] n=90 胜率=33.3% 平均=-0.41% 累计=-31.6%
2026-08-03 23:32:16,714 [INFO]   [stop_t1   ] n=3 胜率=0.0% 平均=-2.72% 累计=-7.9%
2026-08-03 23:32:16,714 [INFO]   [trail_t2  ] n=87 胜率=70.1% 平均=0.40% 累计=40.7%
2026-08-03 23:32:16,714 [INFO]   score=11.5 | 月复利=8.3% | 笔数=90 胜率=74.4% DD=-8.1% | lev=1.50x | 1.5s
2026-08-03 23:32:16,714 [INFO] ========== ZT回测 2025-12-01→2026-07-31 | top=3 board=gem+star entry=close_t0 sample=300 ==========
2026-08-03 23:32:17,945 [INFO] HS300 regime 预计算: 365 天 (bull=203 bear=41 crash=62 unknown=59)
2026-08-03 23:32:17,945 [INFO]   进度 20/162 | trades=0 | skip=6 | 1.2s
2026-08-03 23:32:17,946 [INFO]   进度 40/162 | trades=0 | skip=8 | 1.2s
2026-08-03 23:32:17,946 [INFO]   进度 60/162 | trades=0 | skip=18 | 1.2s
2026-08-03 23:32:17,946 [INFO]   进度 80/162 | trades=0 | skip=36 | 1.2s
2026-08-03 23:32:17,947 [INFO]   进度 100/162 | trades=0 | skip=40 | 1.2s
2026-08-03 23:32:17,947 [INFO]   进度 120/162 | trades=0 | skip=43 | 1.2s
2026-08-03 23:32:17,948 [INFO]   进度 140/162 | trades=0 | skip=50 | 1.2s
2026-08-03 23:32:17,948 [INFO]   进度 160/162 | trades=0 | skip=69 | 1.2s
2026-08-03 23:32:17,948 [INFO] ========== ZT回测完成 | trades=0 | fill_rate=20% | 1.2s ==========
2026-08-03 23:32:17,948 [WARNING]   无任何交易产生！
2026-08-03 23:32:17,948 [INFO]   score=-1000.0 | 月复利=0.0% | 笔数=0 胜率=0.0% DD=0.0% | lev=1.50x | 1.2s
2026-08-03 23:32:17,948 [INFO] ========== ZT回测 2025-12-01→2026-07-31 | top=2 board=main entry=close_t0 sample=300 ==========
2026-08-03 23:32:17,948 [INFO]   进度 20/162 | trades=0 | skip=0 | 0.0s
2026-08-03 23:32:17,949 [INFO]   进度 40/162 | trades=0 | skip=0 | 0.0s
2026-08-03 23:32:17,950 [INFO]   进度 60/162 | trades=0 | skip=0 | 0.0s
2026-08-03 23:32:17,950 [INFO]   进度 80/162 | trades=0 | skip=0 | 0.0s
2026-08-03 23:32:17,951 [INFO]   进度 100/162 | trades=0 | skip=0 | 0.0s
2026-08-03 23:32:17,951 [INFO]   进度 120/162 | trades=0 | skip=0 | 0.0s
2026-08-03 23:32:17,952 [INFO]   进度 140/162 | trades=0 | skip=0 | 0.0s
2026-08-03 23:32:17,954 [INFO]   进度 160/162 | trades=0 | skip=0 | 0.0s
2026-08-03 23:32:17,954 [INFO] ========== ZT回测完成 | trades=0 | fill_rate=20% | 0.0s ==========
2026-08-03 23:32:17,954 [WARNING]   无任何交易产生！
2026-08-03 23:32:17,954 [INFO]   score=-1000.0 | 月复利=0.0% | 笔数=0 胜率=0.0% DD=0.0% | lev=1.50x | 0.0s
2026-08-03 23:32:17,954 [INFO] ========== ZT回测 2025-12-01→2026-07-31 | top=1 board=all entry=close_t0 sample=300 ==========
2026-08-03 23:32:19,197 [INFO] HS300 regime 预计算: 365 天 (bull=203 bear=41 crash=62 unknown=59)
2026-08-03 23:32:19,198 [INFO]   进度 20/162 | trades=0 | skip=6 | 1.2s
2026-08-03 23:32:19,198 [INFO]   进度 40/162 | trades=0 | skip=8 | 1.2s
2026-08-03 23:32:19,198 [INFO]   进度 60/162 | trades=0 | skip=18 | 1.2s
2026-08-03 23:32:19,198 [INFO]   进度 80/162 | trades=0 | skip=36 | 1.2s
2026-08-03 23:32:19,199 [INFO]   进度 100/162 | trades=0 | skip=40 | 1.2s
2026-08-03 23:32:19,199 [INFO]   进度 120/162 | trades=0 | skip=43 | 1.2s
2026-08-03 23:32:19,199 [INFO]   进度 140/162 | trades=0 | skip=50 | 1.2s
2026-08-03 23:32:19,199 [INFO]   进度 160/162 | trades=0 | skip=69 | 1.2s
2026-08-03 23:32:19,199 [INFO] ========== ZT回测完成 | trades=0 | fill_rate=40% | 1.2s ==========
2026-08-03 23:32:19,199 [WARNING]   无任何交易产生！
2026-08-03 23:32:19,199 [INFO]   score=-1000.0 | 月复利=0.0% | 笔数=0 胜率=0.0% DD=0.0% | lev=2.00x | 1.2s
2026-08-03 23:32:19,200 [INFO] ========== ZT回测 2025-12-01→2026-07-31 | top=1 board=all entry=close_t0 sample=300 ==========
2026-08-03 23:32:20,516 [INFO] HS300 regime 预计算: 365 天 (bull=203 bear=41 crash=62 unknown=59)
2026-08-03 23:32:20,517 [INFO]   进度 20/162 | trades=0 | skip=6 | 1.3s
2026-08-03 23:32:20,518 [INFO]   进度 40/162 | trades=0 | skip=8 | 1.3s
2026-08-03 23:32:20,518 [INFO]   进度 60/162 | trades=0 | skip=18 | 1.3s
2026-08-03 23:32:20,518 [INFO]   进度 80/162 | trades=0 | skip=36 | 1.3s
2026-08-03 23:32:20,518 [INFO]   进度 100/162 | trades=0 | skip=40 | 1.3s
2026-08-03 23:32:20,519 [INFO]   进度 120/162 | trades=0 | skip=43 | 1.3s
2026-08-03 23:32:20,520 [INFO]   进度 140/162 | trades=0 | skip=50 | 1.3s
2026-08-03 23:32:20,520 [INFO]   进度 160/162 | trades=0 | skip=69 | 1.3s
2026-08-03 23:32:20,520 [INFO] ========== ZT回测完成 | trades=0 | fill_rate=30% | 1.3s ==========
2026-08-03 23:32:20,520 [WARNING]   无任何交易产生！
2026-08-03 23:32:20,520 [INFO]   score=-1000.0 | 月复利=0.0% | 笔数=0 胜率=0.0% DD=0.0% | lev=1.25x | 1.3s
2026-08-03 23:32:20,520 [INFO] ========== ZT回测 2025-12-01→2026-07-31 | top=3 board=main entry=close_t0 sample=300 ==========
2026-08-03 23:32:21,811 [INFO] HS300 regime 预计算: 365 天 (bull=203 bear=41 crash=62 unknown=59)
2026-08-03 23:32:21,812 [INFO]   进度 20/162 | trades=0 | skip=6 | 1.3s
2026-08-03 23:32:21,813 [INFO]   进度 40/162 | trades=0 | skip=8 | 1.3s
2026-08-03 23:32:21,813 [INFO]   进度 60/162 | trades=0 | skip=18 | 1.3s
2026-08-03 23:32:21,813 [INFO]   进度 80/162 | trades=0 | skip=36 | 1.3s
2026-08-03 23:32:21,813 [INFO]   进度 100/162 | trades=0 | skip=40 | 1.3s
2026-08-03 23:32:21,814 [INFO]   进度 120/162 | trades=0 | skip=43 | 1.3s
2026-08-03 23:32:21,815 [INFO]   进度 140/162 | trades=0 | skip=50 | 1.3s
2026-08-03 23:32:21,815 [INFO]   进度 160/162 | trades=0 | skip=69 | 1.3s
2026-08-03 23:32:21,815 [INFO] ========== ZT回测完成 | trades=0 | fill_rate=25% | 1.3s ==========
2026-08-03 23:32:21,815 [WARNING]   无任何交易产生！
2026-08-03 23:32:21,815 [INFO]   score=-1000.0 | 月复利=0.0% | 笔数=0 胜率=0.0% DD=0.0% | lev=1.00x | 1.3s
2026-08-03 23:32:21,815 [INFO] ========== ZT回测 2025-12-01→2026-07-31 | top=1 board=all entry=close_t0 sample=300 ==========
2026-08-03 23:32:21,816 [INFO]   进度 20/162 | trades=0 | skip=0 | 0.0s
2026-08-03 23:32:21,816 [INFO]   进度 40/162 | trades=0 | skip=0 | 0.0s
2026-08-03 23:32:21,817 [INFO]   进度 60/162 | trades=0 | skip=0 | 0.0s
2026-08-03 23:32:21,817 [INFO]   进度 80/162 | trades=0 | skip=0 | 0.0s
2026-08-03 23:32:21,817 [INFO]   进度 100/162 | trades=0 | skip=0 | 0.0s
2026-08-03 23:32:21,818 [INFO]   进度 120/162 | trades=0 | skip=0 | 0.0s
2026-08-03 23:32:21,818 [INFO]   进度 140/162 | trades=0 | skip=0 | 0.0s
2026-08-03 23:32:21,819 [INFO]   进度 160/162 | trades=0 | skip=0 | 0.0s
2026-08-03 23:32:21,820 [INFO] ========== ZT回测完成 | trades=0 | fill_rate=40% | 0.0s ==========
2026-08-03 23:32:21,820 [WARNING]   无任何交易产生！
2026-08-03 23:32:21,820 [INFO]   score=-1000.0 | 月复利=0.0% | 笔数=0 胜率=0.0% DD=0.0% | lev=1.00x | 0.0s
2026-08-03 23:32:21,820 [INFO] ========== ZT回测 2025-12-01→2026-07-31 | top=1 board=main entry=close_t0 sample=300 ==========
2026-08-03 23:32:21,831 [INFO]   进度 20/162 | trades=19 | skip=0 | 0.0s
2026-08-03 23:32:21,842 [INFO]   进度 40/162 | trades=39 | skip=0 | 0.0s
2026-08-03 23:32:21,853 [INFO]   进度 60/162 | trades=59 | skip=0 | 0.0s
2026-08-03 23:32:21,866 [INFO]   进度 80/162 | trades=79 | skip=0 | 0.0s
2026-08-03 23:32:21,878 [INFO]   进度 100/162 | trades=99 | skip=0 | 0.1s
2026-08-03 23:32:21,896 [INFO]   进度 120/162 | trades=119 | skip=0 | 0.1s
2026-08-03 23:32:21,910 [INFO]   进度 140/162 | trades=139 | skip=0 | 0.1s
2026-08-03 23:32:21,931 [INFO]   进度 160/162 | trades=159 | skip=0 | 0.1s
2026-08-03 23:32:21,932 [INFO] ========== ZT回测完成 | trades=161 | fill_rate=20% | 0.1s ==========
2026-08-03 23:32:22,094 [INFO]   笔数=161 | 胜率=80.1% | 平均=0.63% | 日均=1.08% | 总收益=173.6% | 最大回撤=-5.2%
2026-08-03 23:32:22,094 [INFO]   [best      ] n=161 胜率=82.0% 平均=1.54% 累计=1057.6%
2026-08-03 23:32:22,094 [INFO]   [close_t1  ] n=161 胜率=48.5% 平均=-0.25% 累计=-34.2%
2026-08-03 23:32:22,094 [INFO]   [close_t2  ] n=159 胜率=44.6% 平均=-0.04% 累计=-9.2%
2026-08-03 23:32:22,094 [INFO]   [close_t3  ] n=158 胜率=48.1% 平均=-0.01% 累计=-7.8%
2026-08-03 23:32:22,094 [INFO]   [gap_t1    ] n=161 胜率=43.5% 平均=-0.12% 累计=-18.8%
2026-08-03 23:32:22,094 [INFO]   [open_t2   ] n=159 胜率=43.4% 平均=-0.19% 累计=-28.5%
2026-08-03 23:32:22,094 [INFO]   [stop_t1   ] n=50 胜率=0.0% 平均=-2.59% 累计=-73.0%
2026-08-03 23:32:22,094 [INFO]   [trail_t2  ] n=108 胜率=95.4% 平均=0.92% 累计=169.4%
2026-08-03 23:32:22,094 [INFO]   score=31.1 | 月复利=20.5% | 笔数=161 胜率=80.1% DD=-7.8% | lev=1.50x | 0.3s
2026-08-03 23:32:22,094 [INFO] ========== ZT回测 2025-12-01→2026-07-31 | top=5 board=main entry=close_t0 sample=300 ==========
2026-08-03 23:32:23,436 [INFO] HS300 regime 预计算: 365 天 (bull=203 bear=41 crash=62 unknown=59)
2026-08-03 23:32:23,437 [INFO]   进度 20/162 | trades=0 | skip=6 | 1.3s
2026-08-03 23:32:23,437 [INFO]   进度 40/162 | trades=0 | skip=8 | 1.3s
2026-08-03 23:32:23,437 [INFO]   进度 60/162 | trades=0 | skip=18 | 1.3s
2026-08-03 23:32:23,437 [INFO]   进度 80/162 | trades=0 | skip=36 | 1.3s
2026-08-03 23:32:23,438 [INFO]   进度 100/162 | trades=0 | skip=40 | 1.3s
2026-08-03 23:32:23,438 [INFO]   进度 120/162 | trades=0 | skip=43 | 1.3s
2026-08-03 23:32:23,438 [INFO]   进度 140/162 | trades=0 | skip=50 | 1.3s
2026-08-03 23:32:23,438 [INFO]   进度 160/162 | trades=0 | skip=69 | 1.3s
2026-08-03 23:32:23,438 [INFO] ========== ZT回测完成 | trades=0 | fill_rate=50% | 1.3s ==========
2026-08-03 23:32:23,438 [WARNING]   无任何交易产生！
2026-08-03 23:32:23,438 [INFO]   score=-1000.0 | 月复利=0.0% | 笔数=0 胜率=0.0% DD=0.0% | lev=1.00x | 1.3s
2026-08-03 23:32:23,438 [INFO] ========== ZT回测 2025-12-01→2026-07-31 | top=5 board=all entry=close_t0 sample=300 ==========
2026-08-03 23:32:24,650 [INFO] HS300 regime 预计算: 365 天 (bull=203 bear=41 crash=62 unknown=59)
2026-08-03 23:32:24,688 [INFO]   进度 20/162 | trades=65 | skip=6 | 1.2s
2026-08-03 23:32:24,738 [INFO]   进度 40/162 | trades=155 | skip=8 | 1.3s
2026-08-03 23:32:24,767 [INFO]   进度 60/162 | trades=205 | skip=18 | 1.3s
2026-08-03 23:32:24,774 [INFO]   进度 80/162 | trades=215 | skip=36 | 1.3s
2026-08-03 23:32:24,818 [INFO]   进度 100/162 | trades=295 | skip=40 | 1.4s
2026-08-03 23:32:24,874 [INFO]   进度 120/162 | trades=380 | skip=43 | 1.4s
2026-08-03 23:32:24,918 [INFO]   进度 140/162 | trades=445 | skip=50 | 1.5s
2026-08-03 23:32:24,921 [INFO]   进度 160/162 | trades=450 | skip=69 | 1.5s
2026-08-03 23:32:24,921 [INFO] ========== ZT回测完成 | trades=450 | fill_rate=20% | 1.5s ==========
2026-08-03 23:32:25,047 [INFO]   笔数=450 | 胜率=82.2% | 平均=0.65% | 日均=18.59% | 总收益=1673.3% | 最大回撤=-8.7%
2026-08-03 23:32:25,047 [INFO]   [best      ] n=450 胜率=85.1% 平均=1.49% 累计=74400.6%
2026-08-03 23:32:25,047 [INFO]   [close_t1  ] n=450 胜率=51.3% 平均=-0.11% 累计=-42.6%
2026-08-03 23:32:25,047 [INFO]   [close_t2  ] n=450 胜率=45.3% 平均=-0.04% 累计=-25.4%
2026-08-03 23:32:25,047 [INFO]   [close_t3  ] n=449 胜率=44.8% 平均=-0.04% 累计=-30.5%
2026-08-03 23:32:25,047 [INFO]   [gap_t1    ] n=450 胜率=45.3% 平均=-0.07% 累计=-28.7%
2026-08-03 23:32:25,047 [INFO]   [open_t2   ] n=450 胜率=45.6% 平均=-0.03% 累计=-19.7%
2026-08-03 23:32:25,047 [INFO]   [stop_t1   ] n=142 胜率=0.0% 平均=-2.31% 累计=-96.4%
2026-08-03 23:32:25,047 [INFO]   [trail_t2  ] n=304 胜率=92.8% 平均=0.96% 累计=1706.4%
2026-08-03 23:32:25,047 [INFO]   score=2.6 | 月复利=1.7% | 笔数=450 胜率=82.2% DD=-0.3% | lev=1.25x | 1.6s
2026-08-03 23:32:25,047 [INFO] ========== ZT回测 2025-12-01→2026-07-31 | top=2 board=main entry=close_t0 sample=300 ==========
2026-08-03 23:32:26,424 [INFO] HS300 regime 预计算: 365 天 (bull=203 bear=41 crash=62 unknown=59)
2026-08-03 23:32:26,424 [INFO]   进度 20/162 | trades=0 | skip=6 | 1.4s
2026-08-03 23:32:26,425 [INFO]   进度 40/162 | trades=0 | skip=8 | 1.4s
2026-08-03 23:32:26,425 [INFO]   进度 60/162 | trades=0 | skip=18 | 1.4s
2026-08-03 23:32:26,425 [INFO]   进度 80/162 | trades=0 | skip=36 | 1.4s
2026-08-03 23:32:26,426 [INFO]   进度 100/162 | trades=0 | skip=40 | 1.4s
2026-08-03 23:32:26,426 [INFO]   进度 120/162 | trades=0 | skip=43 | 1.4s
2026-08-03 23:32:26,426 [INFO]   进度 140/162 | trades=0 | skip=50 | 1.4s
2026-08-03 23:32:26,426 [INFO]   进度 160/162 | trades=0 | skip=69 | 1.4s
2026-08-03 23:32:26,426 [INFO] ========== ZT回测完成 | trades=0 | fill_rate=40% | 1.4s ==========
2026-08-03 23:32:26,426 [WARNING]   无任何交易产生！
2026-08-03 23:32:26,426 [INFO]   score=-1000.0 | 月复利=0.0% | 笔数=0 胜率=0.0% DD=0.0% | lev=1.75x | 1.4s
2026-08-03 23:32:26,427 [INFO] ========== ZT回测 2025-12-01→2026-07-31 | top=3 board=main entry=open_t1 sample=300 ==========
2026-08-03 23:32:27,797 [INFO] HS300 regime 预计算: 365 天 (bull=203 bear=41 crash=62 unknown=59)
2026-08-03 23:32:27,797 [INFO]   进度 20/162 | trades=0 | skip=6 | 1.4s
2026-08-03 23:32:27,798 [INFO]   进度 40/162 | trades=0 | skip=8 | 1.4s
2026-08-03 23:32:27,799 [INFO]   进度 60/162 | trades=0 | skip=18 | 1.4s
2026-08-03 23:32:27,799 [INFO]   进度 80/162 | trades=0 | skip=36 | 1.4s
2026-08-03 23:32:27,799 [INFO]   进度 100/162 | trades=0 | skip=40 | 1.4s
2026-08-03 23:32:27,800 [INFO]   进度 120/162 | trades=0 | skip=43 | 1.4s
2026-08-03 23:32:27,800 [INFO]   进度 140/162 | trades=0 | skip=50 | 1.4s
2026-08-03 23:32:27,800 [INFO]   进度 160/162 | trades=0 | skip=69 | 1.4s
2026-08-03 23:32:27,800 [INFO] ========== ZT回测完成 | trades=0 | fill_rate=35% | 1.4s ==========
2026-08-03 23:32:27,800 [WARNING]   无任何交易产生！
2026-08-03 23:32:27,800 [INFO]   score=-1000.0 | 月复利=0.0% | 笔数=0 胜率=0.0% DD=0.0% | lev=1.00x | 1.4s
2026-08-03 23:32:27,800 [INFO] ========== ZT回测 2025-12-01→2026-07-31 | top=2 board=main entry=close_t0 sample=300 ==========
2026-08-03 23:32:29,151 [INFO] HS300 regime 预计算: 365 天 (bull=203 bear=41 crash=62 unknown=59)
2026-08-03 23:32:29,152 [INFO]   进度 20/162 | trades=0 | skip=6 | 1.4s
2026-08-03 23:32:29,152 [INFO]   进度 40/162 | trades=0 | skip=8 | 1.4s
2026-08-03 23:32:29,152 [INFO]   进度 60/162 | trades=0 | skip=18 | 1.4s
2026-08-03 23:32:29,152 [INFO]   进度 80/162 | trades=0 | skip=36 | 1.4s
2026-08-03 23:32:29,153 [INFO]   进度 100/162 | trades=0 | skip=40 | 1.4s
2026-08-03 23:32:29,153 [INFO]   进度 120/162 | trades=0 | skip=43 | 1.4s
2026-08-03 23:32:29,154 [INFO]   进度 140/162 | trades=0 | skip=50 | 1.4s
2026-08-03 23:32:29,154 [INFO]   进度 160/162 | trades=0 | skip=69 | 1.4s
2026-08-03 23:32:29,154 [INFO] ========== ZT回测完成 | trades=0 | fill_rate=20% | 1.4s ==========
2026-08-03 23:32:29,154 [WARNING]   无任何交易产生！
2026-08-03 23:32:29,154 [INFO]   score=-1000.0 | 月复利=0.0% | 笔数=0 胜率=0.0% DD=0.0% | lev=1.50x | 1.4s
2026-08-03 23:32:29,154 [INFO] ========== ZT回测 2025-12-01→2026-07-31 | top=3 board=main entry=close_t0 sample=300 ==========
2026-08-03 23:32:30,380 [INFO] HS300 regime 预计算: 365 天 (bull=203 bear=41 crash=62 unknown=59)
2026-08-03 23:32:30,404 [INFO]   进度 20/162 | trades=38 | skip=6 | 1.2s
2026-08-03 23:32:30,433 [INFO]   进度 40/162 | trades=91 | skip=8 | 1.3s
2026-08-03 23:32:30,450 [INFO]   进度 60/162 | trades=121 | skip=18 | 1.3s
2026-08-03 23:32:30,455 [INFO]   进度 80/162 | trades=127 | skip=36 | 1.3s
2026-08-03 23:32:30,483 [INFO]   进度 100/162 | trades=173 | skip=40 | 1.3s
2026-08-03 23:32:30,510 [INFO]   进度 120/162 | trades=223 | skip=43 | 1.4s
2026-08-03 23:32:30,530 [INFO]   进度 140/162 | trades=260 | skip=50 | 1.4s
2026-08-03 23:32:30,531 [INFO]   进度 160/162 | trades=263 | skip=69 | 1.4s
2026-08-03 23:32:30,531 [INFO] ========== ZT回测完成 | trades=263 | fill_rate=50% | 1.4s ==========
2026-08-03 23:32:30,647 [INFO]   笔数=263 | 胜率=88.2% | 平均=2.16% | 日均=285.92% | 总收益=25732.4% | 最大回撤=-13.1%
2026-08-03 23:32:30,647 [INFO]   [best      ] n=263 胜率=89.0% 平均=4.88% 累计=23306931.7%
2026-08-03 23:32:30,647 [INFO]   [close_t1  ] n=263 胜率=66.2% 平均=0.71% 累计=448.2%
2026-08-03 23:32:30,647 [INFO]   [close_t2  ] n=263 胜率=58.2% 平均=1.50% 累计=3104.8%
2026-08-03 23:32:30,647 [INFO]   [close_t3  ] n=263 胜率=56.6% 平均=2.00% 累计=8057.3%
2026-08-03 23:32:30,647 [INFO]   [gap_t1    ] n=263 胜率=64.6% 平均=0.84% 累计=735.9%
2026-08-03 23:32:30,647 [INFO]   [open_t2   ] n=263 胜率=58.9% 平均=1.39% 累计=2470.8%
2026-08-03 23:32:30,647 [INFO]   [stop_t1   ] n=57 胜率=0.0% 平均=-5.87% 累计=-96.8%
2026-08-03 23:32:30,647 [INFO]   [trail_t2  ] n=206 胜率=94.2% 平均=2.18% 累计=8384.1%
2026-08-03 23:32:30,647 [INFO]   score=22.5 | 月复利=12.9% | 笔数=263 胜率=88.2% DD=-1.7% | lev=1.50x | 1.5s
2026-08-03 23:32:30,647 [INFO] ========== ZT回测 2025-12-01→2026-07-31 | top=1 board=gem+star entry=close_t0 sample=300 ==========
2026-08-03 23:32:31,967 [INFO] HS300 regime 预计算: 365 天 (bull=203 bear=41 crash=62 unknown=59)
2026-08-03 23:32:31,968 [INFO]   进度 20/162 | trades=0 | skip=6 | 1.3s
2026-08-03 23:32:31,968 [INFO]   进度 40/162 | trades=0 | skip=8 | 1.3s
2026-08-03 23:32:31,969 [INFO]   进度 60/162 | trades=0 | skip=18 | 1.3s
2026-08-03 23:32:31,969 [INFO]   进度 80/162 | trades=0 | skip=36 | 1.3s
2026-08-03 23:32:31,969 [INFO]   进度 100/162 | trades=0 | skip=40 | 1.3s
2026-08-03 23:32:31,971 [INFO]   进度 120/162 | trades=0 | skip=43 | 1.3s
2026-08-03 23:32:31,972 [INFO]   进度 140/162 | trades=0 | skip=50 | 1.3s
2026-08-03 23:32:31,972 [INFO]   进度 160/162 | trades=0 | skip=69 | 1.3s
2026-08-03 23:32:31,972 [INFO] ========== ZT回测完成 | trades=0 | fill_rate=50% | 1.3s ==========
2026-08-03 23:32:31,972 [WARNING]   无任何交易产生！
2026-08-03 23:32:31,972 [INFO]   score=-1000.0 | 月复利=0.0% | 笔数=0 胜率=0.0% DD=0.0% | lev=1.00x | 1.3s
2026-08-03 23:32:31,972 [INFO] ========== ZT回测 2025-12-01→2026-07-31 | top=2 board=main entry=open_t1 sample=300 ==========
2026-08-03 23:32:31,973 [INFO]   进度 20/162 | trades=0 | skip=0 | 0.0s
2026-08-03 23:32:31,974 [INFO]   进度 40/162 | trades=0 | skip=0 | 0.0s
2026-08-03 23:32:31,974 [INFO]   进度 60/162 | trades=0 | skip=0 | 0.0s
2026-08-03 23:32:31,975 [INFO]   进度 80/162 | trades=0 | skip=0 | 0.0s
2026-08-03 23:32:31,975 [INFO]   进度 100/162 | trades=0 | skip=0 | 0.0s
2026-08-03 23:32:31,976 [INFO]   进度 120/162 | trades=0 | skip=0 | 0.0s
2026-08-03 23:32:31,977 [INFO]   进度 140/162 | trades=0 | skip=0 | 0.0s
2026-08-03 23:32:31,978 [INFO]   进度 160/162 | trades=0 | skip=0 | 0.0s
2026-08-03 23:32:31,979 [INFO] ========== ZT回测完成 | trades=0 | fill_rate=50% | 0.0s ==========
2026-08-03 23:32:31,979 [WARNING]   无任何交易产生！
2026-08-03 23:32:31,979 [INFO]   score=-1000.0 | 月复利=0.0% | 笔数=0 胜率=0.0% DD=0.0% | lev=1.75x | 0.0s
2026-08-03 23:32:31,979 [INFO] ========== ZT回测 2025-12-01→2026-07-31 | top=5 board=gem+star entry=open_t1 sample=300 ==========
2026-08-03 23:32:33,462 [INFO] HS300 regime 预计算: 365 天 (bull=203 bear=41 crash=62 unknown=59)
2026-08-03 23:32:33,463 [INFO]   进度 20/162 | trades=0 | skip=6 | 1.5s
2026-08-03 23:32:33,464 [INFO]   进度 40/162 | trades=0 | skip=8 | 1.5s
2026-08-03 23:32:33,464 [INFO]   进度 60/162 | trades=0 | skip=18 | 1.5s
2026-08-03 23:32:33,464 [INFO]   进度 80/162 | trades=0 | skip=36 | 1.5s
2026-08-03 23:32:33,465 [INFO]   进度 100/162 | trades=0 | skip=40 | 1.5s
2026-08-03 23:32:33,465 [INFO]   进度 120/162 | trades=0 | skip=43 | 1.5s
2026-08-03 23:32:33,466 [INFO]   进度 140/162 | trades=0 | skip=50 | 1.5s
2026-08-03 23:32:33,466 [INFO]   进度 160/162 | trades=0 | skip=69 | 1.5s
2026-08-03 23:32:33,466 [INFO] ========== ZT回测完成 | trades=0 | fill_rate=40% | 1.5s ==========
2026-08-03 23:32:33,466 [WARNING]   无任何交易产生！
2026-08-03 23:32:33,466 [INFO]   score=-1000.0 | 月复利=0.0% | 笔数=0 胜率=0.0% DD=0.0% | lev=2.00x | 1.5s
2026-08-03 23:32:33,467 [INFO] ========== ZT回测 2025-12-01→2026-07-31 | top=3 board=all entry=close_t0 sample=300 ==========
2026-08-03 23:32:33,468 [INFO]   进度 20/162 | trades=0 | skip=0 | 0.0s
2026-08-03 23:32:33,470 [INFO]   进度 40/162 | trades=0 | skip=0 | 0.0s
2026-08-03 23:32:33,472 [INFO]   进度 60/162 | trades=0 | skip=0 | 0.0s
2026-08-03 23:32:33,473 [INFO]   进度 80/162 | trades=0 | skip=0 | 0.0s
2026-08-03 23:32:33,475 [INFO]   进度 100/162 | trades=0 | skip=0 | 0.0s
2026-08-03 23:32:33,478 [INFO]   进度 120/162 | trades=0 | skip=0 | 0.0s
2026-08-03 23:32:33,481 [INFO]   进度 140/162 | trades=0 | skip=0 | 0.0s
2026-08-03 23:32:33,481 [INFO]   进度 160/162 | trades=0 | skip=0 | 0.0s
2026-08-03 23:32:33,482 [INFO] ========== ZT回测完成 | trades=0 | fill_rate=30% | 0.0s ==========
2026-08-03 23:32:33,482 [WARNING]   无任何交易产生！
2026-08-03 23:32:33,482 [INFO]   score=-1000.0 | 月复利=0.0% | 笔数=0 胜率=0.0% DD=0.0% | lev=1.50x | 0.0s
2026-08-03 23:32:33,482 [INFO] ========== ZT回测 2025-12-01→2026-07-31 | top=5 board=main entry=close_t0 sample=300 ==========
2026-08-03 23:32:34,894 [INFO] HS300 regime 预计算: 365 天 (bull=203 bear=41 crash=62 unknown=59)
2026-08-03 23:32:34,894 [INFO]   进度 20/162 | trades=0 | skip=6 | 1.4s
2026-08-03 23:32:34,895 [INFO]   进度 40/162 | trades=0 | skip=8 | 1.4s
2026-08-03 23:32:34,895 [INFO]   进度 60/162 | trades=0 | skip=18 | 1.4s
2026-08-03 23:32:34,895 [INFO]   进度 80/162 | trades=0 | skip=36 | 1.4s
2026-08-03 23:32:34,896 [INFO]   进度 100/162 | trades=0 | skip=40 | 1.4s
2026-08-03 23:32:34,896 [INFO]   进度 120/162 | trades=0 | skip=43 | 1.4s
2026-08-03 23:32:34,897 [INFO]   进度 140/162 | trades=0 | skip=50 | 1.4s
2026-08-03 23:32:34,897 [INFO]   进度 160/162 | trades=0 | skip=69 | 1.4s
2026-08-03 23:32:34,897 [INFO] ========== ZT回测完成 | trades=0 | fill_rate=25% | 1.4s ==========
2026-08-03 23:32:34,897 [WARNING]   无任何交易产生！
2026-08-03 23:32:34,897 [INFO]   score=-1000.0 | 月复利=0.0% | 笔数=0 胜率=0.0% DD=0.0% | lev=1.75x | 1.4s
2026-08-03 23:32:34,897 [INFO] ========== ZT回测 2025-12-01→2026-07-31 | top=2 board=all entry=open_t1 sample=300 ==========
2026-08-03 23:32:36,193 [INFO] HS300 regime 预计算: 365 天 (bull=203 bear=41 crash=62 unknown=59)
2026-08-03 23:32:36,194 [INFO]   进度 20/162 | trades=0 | skip=6 | 1.3s
2026-08-03 23:32:36,194 [INFO]   进度 40/162 | trades=0 | skip=8 | 1.3s
2026-08-03 23:32:36,195 [INFO]   进度 60/162 | trades=0 | skip=18 | 1.3s
2026-08-03 23:32:36,195 [INFO]   进度 80/162 | trades=0 | skip=36 | 1.3s
2026-08-03 23:32:36,196 [INFO]   进度 100/162 | trades=0 | skip=40 | 1.3s
2026-08-03 23:32:36,197 [INFO]   进度 120/162 | trades=0 | skip=43 | 1.3s
2026-08-03 23:32:36,198 [INFO]   进度 140/162 | trades=0 | skip=50 | 1.3s
2026-08-03 23:32:36,198 [INFO]   进度 160/162 | trades=0 | skip=69 | 1.3s
2026-08-03 23:32:36,198 [INFO] ========== ZT回测完成 | trades=0 | fill_rate=100% | 1.3s ==========
2026-08-03 23:32:36,198 [WARNING]   无任何交易产生！
2026-08-03 23:32:36,198 [INFO]   score=-1000.0 | 月复利=0.0% | 笔数=0 胜率=0.0% DD=0.0% | lev=1.50x | 1.3s
2026-08-03 23:32:36,199 [INFO] ========== ZT回测 2025-12-01→2026-07-31 | top=2 board=gem+star entry=open_t1 sample=300 ==========
2026-08-03 23:32:37,426 [INFO] HS300 regime 预计算: 365 天 (bull=203 bear=41 crash=62 unknown=59)
2026-08-03 23:32:37,426 [INFO]   进度 20/162 | trades=0 | skip=6 | 1.2s
2026-08-03 23:32:37,427 [INFO]   进度 40/162 | trades=0 | skip=8 | 1.2s
2026-08-03 23:32:37,427 [INFO]   进度 60/162 | trades=0 | skip=18 | 1.2s
2026-08-03 23:32:37,427 [INFO]   进度 80/162 | trades=0 | skip=36 | 1.2s
2026-08-03 23:32:37,427 [INFO]   进度 100/162 | trades=0 | skip=40 | 1.2s
2026-08-03 23:32:37,428 [INFO]   进度 120/162 | trades=0 | skip=43 | 1.2s
2026-08-03 23:32:37,429 [INFO]   进度 140/162 | trades=0 | skip=50 | 1.2s
2026-08-03 23:32:37,429 [INFO]   进度 160/162 | trades=0 | skip=69 | 1.2s
2026-08-03 23:32:37,429 [INFO] ========== ZT回测完成 | trades=0 | fill_rate=25% | 1.2s ==========
2026-08-03 23:32:37,429 [WARNING]   无任何交易产生！
2026-08-03 23:32:37,429 [INFO]   score=-1000.0 | 月复利=0.0% | 笔数=0 胜率=0.0% DD=0.0% | lev=1.00x | 1.2s
2026-08-03 23:32:37,430 [INFO] ========== ZT回测 2025-12-01→2026-07-31 | top=3 board=gem+star entry=close_t0 sample=300 ==========
2026-08-03 23:32:37,430 [INFO]   进度 20/162 | trades=0 | skip=0 | 0.0s
2026-08-03 23:32:37,431 [INFO]   进度 40/162 | trades=0 | skip=0 | 0.0s
2026-08-03 23:32:37,431 [INFO]   进度 60/162 | trades=0 | skip=0 | 0.0s
2026-08-03 23:32:37,431 [INFO]   进度 80/162 | trades=0 | skip=0 | 0.0s
2026-08-03 23:32:37,432 [INFO]   进度 100/162 | trades=0 | skip=0 | 0.0s
2026-08-03 23:32:37,432 [INFO]   进度 120/162 | trades=0 | skip=0 | 0.0s
2026-08-03 23:32:37,433 [INFO]   进度 140/162 | trades=0 | skip=0 | 0.0s
2026-08-03 23:32:37,433 [INFO]   进度 160/162 | trades=0 | skip=0 | 0.0s
2026-08-03 23:32:37,433 [INFO] ========== ZT回测完成 | trades=0 | fill_rate=20% | 0.0s ==========
2026-08-03 23:32:37,433 [WARNING]   无任何交易产生！
2026-08-03 23:32:37,433 [INFO]   score=-1000.0 | 月复利=0.0% | 笔数=0 胜率=0.0% DD=0.0% | lev=1.50x | 0.0s
2026-08-03 23:32:37,433 [INFO] ========== ZT回测 2025-12-01→2026-07-31 | top=5 board=all entry=open_t1 sample=300 ==========
2026-08-03 23:32:38,672 [INFO] HS300 regime 预计算: 365 天 (bull=203 bear=41 crash=62 unknown=59)
2026-08-03 23:32:38,673 [INFO]   进度 20/162 | trades=0 | skip=6 | 1.2s
2026-08-03 23:32:38,674 [INFO]   进度 40/162 | trades=0 | skip=8 | 1.2s
2026-08-03 23:32:38,674 [INFO]   进度 60/162 | trades=0 | skip=18 | 1.2s
2026-08-03 23:32:38,674 [INFO]   进度 80/162 | trades=0 | skip=36 | 1.2s
2026-08-03 23:32:38,675 [INFO]   进度 100/162 | trades=0 | skip=40 | 1.2s
2026-08-03 23:32:38,676 [INFO]   进度 120/162 | trades=0 | skip=43 | 1.2s
2026-08-03 23:32:38,677 [INFO]   进度 140/162 | trades=0 | skip=50 | 1.2s
2026-08-03 23:32:38,677 [INFO]   进度 160/162 | trades=0 | skip=69 | 1.2s
2026-08-03 23:32:38,677 [INFO] ========== ZT回测完成 | trades=0 | fill_rate=40% | 1.2s ==========
2026-08-03 23:32:38,677 [WARNING]   无任何交易产生！
2026-08-03 23:32:38,677 [INFO]   score=-1000.0 | 月复利=0.0% | 笔数=0 胜率=0.0% DD=0.0% | lev=1.25x | 1.2s
2026-08-03 23:32:38,677 [INFO] ========== ZT回测 2025-12-01→2026-07-31 | top=1 board=main entry=open_t1 sample=300 ==========
2026-08-03 23:32:39,872 [INFO] HS300 regime 预计算: 365 天 (bull=203 bear=41 crash=62 unknown=59)
2026-08-03 23:32:39,873 [INFO]   进度 20/162 | trades=0 | skip=6 | 1.2s
2026-08-03 23:32:39,874 [INFO]   进度 40/162 | trades=0 | skip=8 | 1.2s
2026-08-03 23:32:39,874 [INFO]   进度 60/162 | trades=0 | skip=18 | 1.2s
2026-08-03 23:32:39,874 [INFO]   进度 80/162 | trades=0 | skip=36 | 1.2s
2026-08-03 23:32:39,875 [INFO]   进度 100/162 | trades=0 | skip=40 | 1.2s
2026-08-03 23:32:39,875 [INFO]   进度 120/162 | trades=0 | skip=43 | 1.2s
2026-08-03 23:32:39,876 [INFO]   进度 140/162 | trades=0 | skip=50 | 1.2s
2026-08-03 23:32:39,876 [INFO]   进度 160/162 | trades=0 | skip=69 | 1.2s
2026-08-03 23:32:39,876 [INFO] ========== ZT回测完成 | trades=0 | fill_rate=25% | 1.2s ==========
2026-08-03 23:32:39,876 [WARNING]   无任何交易产生！
2026-08-03 23:32:39,876 [INFO]   score=-1000.0 | 月复利=0.0% | 笔数=0 胜率=0.0% DD=0.0% | lev=1.00x | 1.2s
2026-08-03 23:32:39,877 [INFO] ========== ZT回测 2025-12-01→2026-07-31 | top=2 board=main entry=open_t1 sample=300 ==========
2026-08-03 23:32:41,143 [INFO] HS300 regime 预计算: 365 天 (bull=203 bear=41 crash=62 unknown=59)
2026-08-03 23:32:41,143 [INFO]   进度 20/162 | trades=0 | skip=6 | 1.3s
2026-08-03 23:32:41,144 [INFO]   进度 40/162 | trades=0 | skip=8 | 1.3s
2026-08-03 23:32:41,144 [INFO]   进度 60/162 | trades=0 | skip=18 | 1.3s
2026-08-03 23:32:41,144 [INFO]   进度 80/162 | trades=0 | skip=36 | 1.3s
2026-08-03 23:32:41,145 [INFO]   进度 100/162 | trades=0 | skip=40 | 1.3s
2026-08-03 23:32:41,146 [INFO]   进度 120/162 | trades=0 | skip=43 | 1.3s
2026-08-03 23:32:41,147 [INFO]   进度 140/162 | trades=0 | skip=50 | 1.3s
2026-08-03 23:32:41,147 [INFO]   进度 160/162 | trades=0 | skip=69 | 1.3s
2026-08-03 23:32:41,147 [INFO] ========== ZT回测完成 | trades=0 | fill_rate=25% | 1.3s ==========
2026-08-03 23:32:41,147 [WARNING]   无任何交易产生！
2026-08-03 23:32:41,147 [INFO]   score=-1000.0 | 月复利=0.0% | 笔数=0 胜率=0.0% DD=0.0% | lev=1.25x | 1.3s
2026-08-03 23:32:41,147 [INFO] ========== ZT回测 2025-12-01→2026-07-31 | top=1 board=all entry=close_t0 sample=300 ==========
2026-08-03 23:32:42,408 [INFO] HS300 regime 预计算: 365 天 (bull=203 bear=41 crash=62 unknown=59)
2026-08-03 23:32:42,408 [INFO]   进度 20/162 | trades=0 | skip=6 | 1.3s
2026-08-03 23:32:42,409 [INFO]   进度 40/162 | trades=0 | skip=8 | 1.3s
2026-08-03 23:32:42,409 [INFO]   进度 60/162 | trades=0 | skip=18 | 1.3s
2026-08-03 23:32:42,409 [INFO]   进度 80/162 | trades=0 | skip=36 | 1.3s
2026-08-03 23:32:42,409 [INFO]   进度 100/162 | trades=0 | skip=40 | 1.3s
2026-08-03 23:32:42,410 [INFO]   进度 120/162 | trades=0 | skip=43 | 1.3s
2026-08-03 23:32:42,410 [INFO]   进度 140/162 | trades=0 | skip=50 | 1.3s
2026-08-03 23:32:42,410 [INFO]   进度 160/162 | trades=0 | skip=69 | 1.3s
2026-08-03 23:32:42,410 [INFO] ========== ZT回测完成 | trades=0 | fill_rate=20% | 1.3s ==========
2026-08-03 23:32:42,410 [WARNING]   无任何交易产生！
2026-08-03 23:32:42,410 [INFO]   score=-1000.0 | 月复利=0.0% | 笔数=0 胜率=0.0% DD=0.0% | lev=1.25x | 1.3s
2026-08-03 23:32:42,410 [INFO] ========== ZT回测 2025-12-01→2026-07-31 | top=1 board=main entry=close_t0 sample=300 ==========
2026-08-03 23:32:42,411 [INFO]   进度 20/162 | trades=0 | skip=0 | 0.0s
2026-08-03 23:32:42,413 [INFO]   进度 40/162 | trades=0 | skip=0 | 0.0s
2026-08-03 23:32:42,414 [INFO]   进度 60/162 | trades=0 | skip=0 | 0.0s
2026-08-03 23:32:42,414 [INFO]   进度 80/162 | trades=0 | skip=0 | 0.0s
2026-08-03 23:32:42,415 [INFO]   进度 100/162 | trades=0 | skip=0 | 0.0s
2026-08-03 23:32:42,416 [INFO]   进度 120/162 | trades=0 | skip=0 | 0.0s
2026-08-03 23:32:42,417 [INFO]   进度 140/162 | trades=0 | skip=0 | 0.0s
2026-08-03 23:32:42,418 [INFO]   进度 160/162 | trades=0 | skip=0 | 0.0s
2026-08-03 23:32:42,418 [INFO] ========== ZT回测完成 | trades=0 | fill_rate=50% | 0.0s ==========
2026-08-03 23:32:42,418 [WARNING]   无任何交易产生！
2026-08-03 23:32:42,418 [INFO]   score=-1000.0 | 月复利=0.0% | 笔数=0 胜率=0.0% DD=0.0% | lev=2.00x | 0.0s
2026-08-03 23:32:42,418 [INFO] ========== ZT回测 2025-12-01→2026-07-31 | top=1 board=all entry=close_t0 sample=300 ==========
2026-08-03 23:32:42,418 [INFO]   进度 20/162 | trades=0 | skip=0 | 0.0s
2026-08-03 23:32:42,419 [INFO]   进度 40/162 | trades=0 | skip=0 | 0.0s
2026-08-03 23:32:42,419 [INFO]   进度 60/162 | trades=0 | skip=0 | 0.0s
2026-08-03 23:32:42,419 [INFO]   进度 80/162 | trades=0 | skip=0 | 0.0s
2026-08-03 23:32:42,420 [INFO]   进度 100/162 | trades=0 | skip=0 | 0.0s
2026-08-03 23:32:42,421 [INFO]   进度 120/162 | trades=0 | skip=0 | 0.0s
2026-08-03 23:32:42,421 [INFO]   进度 140/162 | trades=0 | skip=0 | 0.0s
2026-08-03 23:32:42,422 [INFO]   进度 160/162 | trades=0 | skip=0 | 0.0s
2026-08-03 23:32:42,422 [INFO] ========== ZT回测完成 | trades=0 | fill_rate=25% | 0.0s ==========
2026-08-03 23:32:42,422 [WARNING]   无任何交易产生！
2026-08-03 23:32:42,422 [INFO]   score=-1000.0 | 月复利=0.0% | 笔数=0 胜率=0.0% DD=0.0% | lev=1.00x | 0.0s
2026-08-03 23:32:42,422 [INFO] ========== ZT回测 2025-12-01→2026-07-31 | top=3 board=gem+star entry=open_t1 sample=300 ==========
2026-08-03 23:32:42,423 [INFO]   进度 20/162 | trades=0 | skip=0 | 0.0s
2026-08-03 23:32:42,423 [INFO]   进度 40/162 | trades=0 | skip=0 | 0.0s
2026-08-03 23:32:42,424 [INFO]   进度 60/162 | trades=0 | skip=0 | 0.0s
2026-08-03 23:32:42,424 [INFO]   进度 80/162 | trades=0 | skip=0 | 0.0s
2026-08-03 23:32:42,425 [INFO]   进度 100/162 | trades=0 | skip=0 | 0.0s
2026-08-03 23:32:42,425 [INFO]   进度 120/162 | trades=0 | skip=0 | 0.0s
2026-08-03 23:32:42,426 [INFO]   进度 140/162 | trades=0 | skip=0 | 0.0s
2026-08-03 23:32:42,427 [INFO]   进度 160/162 | trades=0 | skip=0 | 0.0s
2026-08-03 23:32:42,427 [INFO] ========== ZT回测完成 | trades=0 | fill_rate=30% | 0.0s ==========
2026-08-03 23:32:42,427 [WARNING]   无任何交易产生！
2026-08-03 23:32:42,427 [INFO]   score=-1000.0 | 月复利=0.0% | 笔数=0 胜率=0.0% DD=0.0% | lev=1.75x | 0.0s
2026-08-03 23:32:42,427 [INFO] ========== ZT回测 2025-12-01→2026-07-31 | top=3 board=main entry=open_t1 sample=300 ==========
2026-08-03 23:32:42,428 [INFO]   进度 20/162 | trades=0 | skip=0 | 0.0s
2026-08-03 23:32:42,429 [INFO]   进度 40/162 | trades=0 | skip=0 | 0.0s
2026-08-03 23:32:42,429 [INFO]   进度 60/162 | trades=0 | skip=0 | 0.0s
2026-08-03 23:32:42,430 [INFO]   进度 80/162 | trades=0 | skip=0 | 0.0s
2026-08-03 23:32:42,430 [INFO]   进度 100/162 | trades=0 | skip=0 | 0.0s
2026-08-03 23:32:42,430 [INFO]   进度 120/162 | trades=0 | skip=0 | 0.0s
2026-08-03 23:32:42,431 [INFO]   进度 140/162 | trades=0 | skip=0 | 0.0s
2026-08-03 23:32:42,431 [INFO]   进度 160/162 | trades=0 | skip=0 | 0.0s
2026-08-03 23:32:42,431 [INFO] ========== ZT回测完成 | trades=0 | fill_rate=100% | 0.0s ==========
2026-08-03 23:32:42,431 [WARNING]   无任何交易产生！
2026-08-03 23:32:42,431 [INFO]   score=-1000.0 | 月复利=0.0% | 笔数=0 胜率=0.0% DD=0.0% | lev=2.00x | 0.0s
2026-08-03 23:32:42,431 [INFO] ========== ZT回测 2025-12-01→2026-07-31 | top=2 board=all entry=open_t1 sample=300 ==========
2026-08-03 23:32:43,790 [INFO] HS300 regime 预计算: 365 天 (bull=203 bear=41 crash=62 unknown=59)
2026-08-03 23:32:43,790 [INFO]   进度 20/162 | trades=0 | skip=6 | 1.4s
2026-08-03 23:32:43,791 [INFO]   进度 40/162 | trades=0 | skip=8 | 1.4s
2026-08-03 23:32:43,791 [INFO]   进度 60/162 | trades=0 | skip=18 | 1.4s
2026-08-03 23:32:43,791 [INFO]   进度 80/162 | trades=0 | skip=36 | 1.4s
2026-08-03 23:32:43,791 [INFO]   进度 100/162 | trades=0 | skip=40 | 1.4s
2026-08-03 23:32:43,791 [INFO]   进度 120/162 | trades=0 | skip=43 | 1.4s
2026-08-03 23:32:43,792 [INFO]   进度 140/162 | trades=0 | skip=50 | 1.4s
2026-08-03 23:32:43,792 [INFO]   进度 160/162 | trades=0 | skip=69 | 1.4s
2026-08-03 23:32:43,792 [INFO] ========== ZT回测完成 | trades=0 | fill_rate=50% | 1.4s ==========
2026-08-03 23:32:43,792 [WARNING]   无任何交易产生！
2026-08-03 23:32:43,792 [INFO]   score=-1000.0 | 月复利=0.0% | 笔数=0 胜率=0.0% DD=0.0% | lev=1.25x | 1.4s
2026-08-03 23:32:43,792 [INFO] ========== ZT回测 2025-12-01→2026-07-31 | top=5 board=gem+star entry=open_t1 sample=300 ==========
2026-08-03 23:32:45,017 [INFO] HS300 regime 预计算: 365 天 (bull=203 bear=41 crash=62 unknown=59)
2026-08-03 23:32:45,046 [INFO]   进度 20/162 | trades=49 | skip=6 | 1.3s
2026-08-03 23:32:45,090 [INFO]   进度 40/162 | trades=124 | skip=8 | 1.3s
2026-08-03 23:32:45,115 [INFO]   进度 60/162 | trades=164 | skip=18 | 1.3s
2026-08-03 23:32:45,122 [INFO]   进度 80/162 | trades=171 | skip=36 | 1.3s
2026-08-03 23:32:45,157 [INFO]   进度 100/162 | trades=222 | skip=40 | 1.4s
2026-08-03 23:32:45,201 [INFO]   进度 120/162 | trades=289 | skip=43 | 1.4s
2026-08-03 23:32:45,227 [INFO]   进度 140/162 | trades=330 | skip=50 | 1.4s
2026-08-03 23:32:45,233 [INFO]   进度 160/162 | trades=335 | skip=69 | 1.4s
2026-08-03 23:32:45,233 [INFO] ========== ZT回测完成 | trades=335 | fill_rate=30% | 1.4s ==========
2026-08-03 23:32:45,347 [INFO]   笔数=335 | 胜率=55.8% | 平均=-0.35% | 日均=-0.82% | 总收益=-73.5% | 最大回撤=-76.4%
2026-08-03 23:32:45,347 [INFO]   [best      ] n=335 胜率=65.7% 平均=0.94% 累计=2118.2%
2026-08-03 23:32:45,347 [INFO]   [close_t1  ] n=335 胜率=15.2% 平均=-1.31% 累计=-98.8%
2026-08-03 23:32:45,347 [INFO]   [close_t2  ] n=335 胜率=39.7% 平均=-0.94% 累计=-96.3%
2026-08-03 23:32:45,347 [INFO]   [close_t3  ] n=335 胜率=40.0% 平均=-0.70% 累计=-92.5%
2026-08-03 23:32:45,347 [INFO]   [gap_t1    ] n=335 胜率=0.0% 平均=0.00% 累计=0.0%
2026-08-03 23:32:45,347 [INFO]   [open_t2   ] n=335 胜率=34.9% 平均=-0.96% 累计=-96.4%
2026-08-03 23:32:45,347 [INFO]   [stop_t1   ] n=28 胜率=0.0% 平均=-5.19% 累计=-77.5%
2026-08-03 23:32:45,347 [INFO]   [trail_t2  ] n=273 胜率=64.8% 平均=0.48% 累计=248.4%
2026-08-03 23:32:45,347 [INFO]   score=-1.2 | 月复利=-1.9% | 笔数=335 胜率=55.8% DD=-13.3% | lev=1.50x | 1.6s
2026-08-03 23:32:45,347 [INFO] ========== ZT回测 2025-12-01→2026-07-31 | top=3 board=main entry=open_t1 sample=300 ==========
2026-08-03 23:32:45,381 [INFO]   进度 20/162 | trades=57 | skip=0 | 0.0s
2026-08-03 23:32:45,415 [INFO]   进度 40/162 | trades=117 | skip=0 | 0.1s
2026-08-03 23:32:45,450 [INFO]   进度 60/162 | trades=177 | skip=0 | 0.1s
2026-08-03 23:32:45,524 [INFO]   进度 80/162 | trades=236 | skip=0 | 0.2s
2026-08-03 23:32:45,597 [INFO]   进度 100/162 | trades=296 | skip=0 | 0.3s
2026-08-03 23:32:45,631 [INFO]   进度 120/162 | trades=356 | skip=0 | 0.3s
2026-08-03 23:32:45,666 [INFO]   进度 140/162 | trades=416 | skip=0 | 0.3s
2026-08-03 23:32:45,699 [INFO]   进度 160/162 | trades=475 | skip=0 | 0.4s
2026-08-03 23:32:45,700 [INFO] ========== ZT回测完成 | trades=480 | fill_rate=25% | 0.4s ==========
2026-08-03 23:32:45,880 [INFO]   笔数=480 | 胜率=59.4% | 平均=0.14% | 日均=0.44% | 总收益=70.3% | 最大回撤=-25.9%
2026-08-03 23:32:45,880 [INFO]   [best      ] n=480 胜率=75.4% 平均=1.12% 累计=19906.7%
2026-08-03 23:32:45,880 [INFO]   [close_t1  ] n=480 胜率=25.0% 平均=-0.87% 累计=-98.6%
2026-08-03 23:32:45,880 [INFO]   [close_t2  ] n=477 胜率=38.4% 平均=-0.79% 累计=-98.0%
2026-08-03 23:32:45,880 [INFO]   [close_t3  ] n=474 胜率=33.5% 平均=-0.86% 累计=-98.7%
2026-08-03 23:32:45,880 [INFO]   [gap_t1    ] n=480 胜率=0.0% 平均=0.00% 累计=0.0%
2026-08-03 23:32:45,880 [INFO]   [open_t2   ] n=477 胜率=35.6% 平均=-0.81% 累计=-98.2%
2026-08-03 23:32:45,880 [INFO]   [stop_t1   ] n=274 胜率=0.0% 平均=-2.71% 累计=-100.0%
2026-08-03 23:32:45,880 [INFO]   [trail_t2  ] n=197 胜率=92.9% 平均=1.92% 累计=4035.7%
2026-08-03 23:32:45,880 [INFO]   score=1.1 | 月复利=1.2% | 笔数=480 胜率=59.4% DD=-4.5% | lev=1.50x | 0.5s
2026-08-03 23:32:45,880 [INFO] ========== ZT回测 2025-12-01→2026-07-31 | top=1 board=main entry=close_t0 sample=300 ==========
2026-08-03 23:32:47,113 [INFO] HS300 regime 预计算: 365 天 (bull=203 bear=41 crash=62 unknown=59)
2026-08-03 23:32:47,114 [INFO]   进度 20/162 | trades=0 | skip=6 | 1.2s
2026-08-03 23:32:47,115 [INFO]   进度 40/162 | trades=0 | skip=8 | 1.2s
2026-08-03 23:32:47,115 [INFO]   进度 60/162 | trades=0 | skip=18 | 1.2s
2026-08-03 23:32:47,115 [INFO]   进度 80/162 | trades=0 | skip=36 | 1.2s
2026-08-03 23:32:47,116 [INFO]   进度 100/162 | trades=0 | skip=40 | 1.2s
2026-08-03 23:32:47,117 [INFO]   进度 120/162 | trades=0 | skip=43 | 1.2s
2026-08-03 23:32:47,117 [INFO]   进度 140/162 | trades=0 | skip=50 | 1.2s
2026-08-03 23:32:47,117 [INFO]   进度 160/162 | trades=0 | skip=69 | 1.2s
2026-08-03 23:32:47,117 [INFO] ========== ZT回测完成 | trades=0 | fill_rate=30% | 1.2s ==========
2026-08-03 23:32:47,117 [WARNING]   无任何交易产生！
2026-08-03 23:32:47,117 [INFO]   score=-1000.0 | 月复利=0.0% | 笔数=0 胜率=0.0% DD=0.0% | lev=1.75x | 1.2s
2026-08-03 23:32:47,118 [INFO] ========== ZT回测 2025-12-01→2026-07-31 | top=2 board=all entry=open_t1 sample=300 ==========
2026-08-03 23:32:48,627 [INFO] HS300 regime 预计算: 365 天 (bull=203 bear=41 crash=62 unknown=59)
2026-08-03 23:32:48,628 [INFO]   进度 20/162 | trades=0 | skip=6 | 1.5s
2026-08-03 23:32:48,630 [INFO]   进度 40/162 | trades=0 | skip=8 | 1.5s
2026-08-03 23:32:48,630 [INFO]   进度 60/162 | trades=0 | skip=18 | 1.5s
2026-08-03 23:32:48,631 [INFO]   进度 80/162 | trades=0 | skip=36 | 1.5s
2026-08-03 23:32:48,632 [INFO]   进度 100/162 | trades=0 | skip=40 | 1.5s
2026-08-03 23:32:48,634 [INFO]   进度 120/162 | trades=0 | skip=43 | 1.5s
2026-08-03 23:32:48,635 [INFO]   进度 140/162 | trades=0 | skip=50 | 1.5s
2026-08-03 23:32:48,635 [INFO]   进度 160/162 | trades=0 | skip=69 | 1.5s
2026-08-03 23:32:48,635 [INFO] ========== ZT回测完成 | trades=0 | fill_rate=40% | 1.5s ==========
2026-08-03 23:32:48,635 [WARNING]   无任何交易产生！
2026-08-03 23:32:48,635 [INFO]   score=-1000.0 | 月复利=0.0% | 笔数=0 胜率=0.0% DD=0.0% | lev=1.00x | 1.5s
2026-08-03 23:32:48,635 [INFO] ========== ZT回测 2025-12-01→2026-07-31 | top=1 board=all entry=open_t1 sample=300 ==========
2026-08-03 23:32:48,636 [INFO]   进度 20/162 | trades=0 | skip=0 | 0.0s
2026-08-03 23:32:48,638 [INFO]   进度 40/162 | trades=0 | skip=0 | 0.0s
2026-08-03 23:32:48,638 [INFO]   进度 60/162 | trades=0 | skip=0 | 0.0s
2026-08-03 23:32:48,639 [INFO]   进度 80/162 | trades=0 | skip=0 | 0.0s
2026-08-03 23:32:48,640 [INFO]   进度 100/162 | trades=0 | skip=0 | 0.0s
2026-08-03 23:32:48,641 [INFO]   进度 120/162 | trades=0 | skip=0 | 0.0s
2026-08-03 23:32:48,642 [INFO]   进度 140/162 | trades=0 | skip=0 | 0.0s
2026-08-03 23:32:48,643 [INFO]   进度 160/162 | trades=0 | skip=0 | 0.0s
2026-08-03 23:32:48,643 [INFO] ========== ZT回测完成 | trades=0 | fill_rate=50% | 0.0s ==========
2026-08-03 23:32:48,643 [WARNING]   无任何交易产生！
2026-08-03 23:32:48,643 [INFO]   score=-1000.0 | 月复利=0.0% | 笔数=0 胜率=0.0% DD=0.0% | lev=1.00x | 0.0s
2026-08-03 23:32:48,643 [INFO] ========== ZT回测 2025-12-01→2026-07-31 | top=3 board=all entry=close_t0 sample=300 ==========
2026-08-03 23:32:48,644 [INFO]   进度 20/162 | trades=0 | skip=0 | 0.0s
2026-08-03 23:32:48,645 [INFO]   进度 40/162 | trades=0 | skip=0 | 0.0s
2026-08-03 23:32:48,646 [INFO]   进度 60/162 | trades=0 | skip=0 | 0.0s
2026-08-03 23:32:48,647 [INFO]   进度 80/162 | trades=0 | skip=0 | 0.0s
2026-08-03 23:32:48,648 [INFO]   进度 100/162 | trades=0 | skip=0 | 0.0s
2026-08-03 23:32:48,649 [INFO]   进度 120/162 | trades=0 | skip=0 | 0.0s
2026-08-03 23:32:48,649 [INFO]   进度 140/162 | trades=0 | skip=0 | 0.0s
2026-08-03 23:32:48,650 [INFO]   进度 160/162 | trades=0 | skip=0 | 0.0s
2026-08-03 23:32:48,650 [INFO] ========== ZT回测完成 | trades=0 | fill_rate=30% | 0.0s ==========
2026-08-03 23:32:48,650 [WARNING]   无任何交易产生！
2026-08-03 23:32:48,650 [INFO]   score=-1000.0 | 月复利=0.0% | 笔数=0 胜率=0.0% DD=0.0% | lev=1.50x | 0.0s
2026-08-03 23:32:48,651 [INFO] ========== ZT回测 2025-12-01→2026-07-31 | top=3 board=gem+star entry=open_t1 sample=300 ==========
2026-08-03 23:32:50,034 [INFO] HS300 regime 预计算: 365 天 (bull=203 bear=41 crash=62 unknown=59)
2026-08-03 23:32:50,035 [INFO]   进度 20/162 | trades=0 | skip=6 | 1.4s
2026-08-03 23:32:50,037 [INFO]   进度 40/162 | trades=0 | skip=8 | 1.4s
2026-08-03 23:32:50,038 [INFO]   进度 60/162 | trades=0 | skip=18 | 1.4s
2026-08-03 23:32:50,038 [INFO]   进度 80/162 | trades=0 | skip=36 | 1.4s
2026-08-03 23:32:50,039 [INFO]   进度 100/162 | trades=0 | skip=40 | 1.4s
2026-08-03 23:32:50,040 [INFO]   进度 120/162 | trades=0 | skip=43 | 1.4s
2026-08-03 23:32:50,040 [INFO]   进度 140/162 | trades=0 | skip=50 | 1.4s
2026-08-03 23:32:50,040 [INFO]   进度 160/162 | trades=0 | skip=69 | 1.4s
2026-08-03 23:32:50,040 [INFO] ========== ZT回测完成 | trades=0 | fill_rate=30% | 1.4s ==========
2026-08-03 23:32:50,040 [WARNING]   无任何交易产生！
2026-08-03 23:32:50,041 [INFO]   score=-1000.0 | 月复利=0.0% | 笔数=0 胜率=0.0% DD=0.0% | lev=1.25x | 1.4s
2026-08-03 23:32:50,041 [INFO] ========== ZT回测 2025-12-01→2026-07-31 | top=1 board=gem+star entry=open_t1 sample=300 ==========
