2026-05-26 10:19:20,963 [INFO] __main__ - ============================================================
2026-05-26 10:19:20,963 [INFO] __main__ - 短视频素材采集系统 v1.0
2026-05-26 10:19:20,963 [INFO] __main__ - 时间: 2026-05-26 10:19:20
2026-05-26 10:19:20,963 [INFO] __main__ - 平台: bilibili_web (Web)
2026-05-26 10:19:20,963 [INFO] __main__ - 关键词: ['宝宝', '萌娃']
2026-05-26 10:19:20,963 [INFO] __main__ - 风格: 通用
2026-05-26 10:19:20,963 [INFO] __main__ - 滚动次数: 3
2026-05-26 10:19:20,963 [INFO] __main__ - ============================================================
2026-05-26 10:19:20,972 [INFO] __main__ - ============================================================
2026-05-26 10:19:20,972 [INFO] __main__ - Web采集 | 平台: bilibili_web | 关键词: ['宝宝', '萌娃']
2026-05-26 10:19:20,972 [INFO] __main__ - ============================================================
2026-05-26 10:19:20,977 [INFO] database.materials_db - 数据库初始化完成: /Users/kaikai/scripts/material_collector/database/materials.db
2026-05-26 10:19:20,977 [INFO] __main__ - 
>>> 开始采集: bilibili_web
2026-05-26 10:19:21,294 [INFO] collector.playwright_collector - [B站Web] 开始采集关键词: 宝宝
2026-05-26 10:19:31,042 [INFO] collector.playwright_collector - [B站Web] 关键词 [宝宝] 采集完成: 60 条
2026-05-26 10:19:33,044 [INFO] collector.playwright_collector - [B站Web] 开始采集关键词: 萌娃
2026-05-26 10:19:42,599 [INFO] collector.playwright_collector - [B站Web] 关键词 [萌娃] 采集完成: 60 条
2026-05-26 10:19:44,723 [INFO] __main__ - [bilibili_web] 采集完成: 120 条
2026-05-26 10:19:44,723 [INFO] __main__ - 
采集完成: 120 条 | 耗时: 23.8秒
2026-05-26 10:19:44,723 [INFO] __main__ - 
============================================================
2026-05-26 10:19:44,723 [INFO] __main__ - 开始 AI 处理
2026-05-26 10:19:44,723 [INFO] __main__ - ============================================================
2026-05-26 10:19:44,723 [INFO] database.materials_db - 数据库初始化完成: /Users/kaikai/scripts/material_collector/database/materials.db
2026-05-26 10:19:44,724 [INFO] __main__ - 待处理: 100 条
2026-05-26 10:19:44,724 [INFO] processor.material_processor - 处理 1/100: 02:39 人类幼崽打针众生相：没有一个宝宝能笑着离开，但我...
2026-05-26 10:20:18,952 [INFO] processor.material_processor - 处理 2/100: 02:29:24 【全集】依娜和恰恰｜幼儿早教启蒙动画 养成...
2026-05-26 10:20:48,844 [INFO] processor.material_processor - 处理 3/100: 00:00 等你验牌 比封面带劲 -- 汐宝宝の...
2026-05-26 10:21:15,529 [INFO] processor.material_processor - 处理 4/100: 04:37:26 六酱宝宝5.25直播 294 2026-0...
